Archive member included because of file (symbol)

c:/program files (x86)/gnu tools arm embedded/4.8 2013q4/bin/../lib/gcc/arm-none-eabi/4.8.3/../../../../arm-none-eabi/lib\libc_s.a(lib_a-exit.o)
                              c:/program files (x86)/gnu tools arm embedded/4.8 2013q4/bin/../lib/gcc/arm-none-eabi/4.8.3/../../../../arm-none-eabi/lib/crt0.o (exit)
c:/program files (x86)/gnu tools arm embedded/4.8 2013q4/bin/../lib/gcc/arm-none-eabi/4.8.3/../../../../arm-none-eabi/lib\libc_s.a(lib_a-impure.o)
                              c:/program files (x86)/gnu tools arm embedded/4.8 2013q4/bin/../lib/gcc/arm-none-eabi/4.8.3/../../../../arm-none-eabi/lib\libc_s.a(lib_a-exit.o) (_global_impure_ptr)
c:/program files (x86)/gnu tools arm embedded/4.8 2013q4/bin/../lib/gcc/arm-none-eabi/4.8.3/../../../../arm-none-eabi/lib\libc_s.a(lib_a-init.o)
                              c:/program files (x86)/gnu tools arm embedded/4.8 2013q4/bin/../lib/gcc/arm-none-eabi/4.8.3/../../../../arm-none-eabi/lib/crt0.o (__libc_init_array)
c:/program files (x86)/gnu tools arm embedded/4.8 2013q4/bin/../lib/gcc/arm-none-eabi/4.8.3/../../../../arm-none-eabi/lib\libc_s.a(lib_a-memset.o)
                              c:/program files (x86)/gnu tools arm embedded/4.8 2013q4/bin/../lib/gcc/arm-none-eabi/4.8.3/../../../../arm-none-eabi/lib/crt0.o (memset)

Discarded input sections

 .text          0x00000000        0x0 c:/program files (x86)/gnu tools arm embedded/4.8 2013q4/bin/../lib/gcc/arm-none-eabi/4.8.3/crti.o
 .data          0x00000000        0x0 c:/program files (x86)/gnu tools arm embedded/4.8 2013q4/bin/../lib/gcc/arm-none-eabi/4.8.3/crti.o
 .bss           0x00000000        0x0 c:/program files (x86)/gnu tools arm embedded/4.8 2013q4/bin/../lib/gcc/arm-none-eabi/4.8.3/crti.o
 .init          0x00000000        0xc c:/program files (x86)/gnu tools arm embedded/4.8 2013q4/bin/../lib/gcc/arm-none-eabi/4.8.3/crti.o
 .fini          0x00000000        0xc c:/program files (x86)/gnu tools arm embedded/4.8 2013q4/bin/../lib/gcc/arm-none-eabi/4.8.3/crti.o
 .ARM.attributes
                0x00000000       0x16 c:/program files (x86)/gnu tools arm embedded/4.8 2013q4/bin/../lib/gcc/arm-none-eabi/4.8.3/crti.o
 .text          0x00000000       0x94 c:/program files (x86)/gnu tools arm embedded/4.8 2013q4/bin/../lib/gcc/arm-none-eabi/4.8.3/crtbegin.o
 .data          0x00000000        0x4 c:/program files (x86)/gnu tools arm embedded/4.8 2013q4/bin/../lib/gcc/arm-none-eabi/4.8.3/crtbegin.o
 .bss           0x00000000       0x1c c:/program files (x86)/gnu tools arm embedded/4.8 2013q4/bin/../lib/gcc/arm-none-eabi/4.8.3/crtbegin.o
 .init_array    0x00000000        0x4 c:/program files (x86)/gnu tools arm embedded/4.8 2013q4/bin/../lib/gcc/arm-none-eabi/4.8.3/crtbegin.o
 .fini_array    0x00000000        0x4 c:/program files (x86)/gnu tools arm embedded/4.8 2013q4/bin/../lib/gcc/arm-none-eabi/4.8.3/crtbegin.o
 .eh_frame      0x00000000        0x0 c:/program files (x86)/gnu tools arm embedded/4.8 2013q4/bin/../lib/gcc/arm-none-eabi/4.8.3/crtbegin.o
 .jcr           0x00000000        0x0 c:/program files (x86)/gnu tools arm embedded/4.8 2013q4/bin/../lib/gcc/arm-none-eabi/4.8.3/crtbegin.o
 .ARM.attributes
                0x00000000       0x30 c:/program files (x86)/gnu tools arm embedded/4.8 2013q4/bin/../lib/gcc/arm-none-eabi/4.8.3/crtbegin.o
 .text          0x00000000      0x114 c:/program files (x86)/gnu tools arm embedded/4.8 2013q4/bin/../lib/gcc/arm-none-eabi/4.8.3/../../../../arm-none-eabi/lib/crt0.o
 .data          0x00000000        0x0 c:/program files (x86)/gnu tools arm embedded/4.8 2013q4/bin/../lib/gcc/arm-none-eabi/4.8.3/../../../../arm-none-eabi/lib/crt0.o
 .bss           0x00000000        0x0 c:/program files (x86)/gnu tools arm embedded/4.8 2013q4/bin/../lib/gcc/arm-none-eabi/4.8.3/../../../../arm-none-eabi/lib/crt0.o
 .ARM.extab     0x00000000        0x0 c:/program files (x86)/gnu tools arm embedded/4.8 2013q4/bin/../lib/gcc/arm-none-eabi/4.8.3/../../../../arm-none-eabi/lib/crt0.o
 .ARM.exidx     0x00000000        0x8 c:/program files (x86)/gnu tools arm embedded/4.8 2013q4/bin/../lib/gcc/arm-none-eabi/4.8.3/../../../../arm-none-eabi/lib/crt0.o
 .ARM.attributes
                0x00000000       0x14 c:/program files (x86)/gnu tools arm embedded/4.8 2013q4/bin/../lib/gcc/arm-none-eabi/4.8.3/../../../../arm-none-eabi/lib/crt0.o
 .data          0x00000000        0x0 obj\Debug\delay.o
 .bss           0x00000000        0x0 obj\Debug\delay.o
 .text          0x00000000        0x0 obj\Debug\font_5x8.o
 .data          0x00000000        0x0 obj\Debug\font_5x8.o
 .bss           0x00000000        0x0 obj\Debug\font_5x8.o
 .data          0x00000000        0x0 obj\Debug\interrupts.o
 .bss           0x00000000        0x0 obj\Debug\interrupts.o
 .text          0x00000000        0x0 obj\Debug\noahs_face.o
 .bss           0x00000000        0x0 obj\Debug\noahs_face.o
 .data          0x00000000        0x0 obj\Debug\ssd1306.o
 .bss           0x00000000        0x0 obj\Debug\ssd1306.o
 .data          0x00000000        0x0 obj\Debug\startup.o
 .bss           0x00000000        0x0 obj\Debug\startup.o
 .data          0x00000000        0x0 obj\Debug\systick.o
 .text          0x00000000        0x0 c:/program files (x86)/gnu tools arm embedded/4.8 2013q4/bin/../lib/gcc/arm-none-eabi/4.8.3/../../../../arm-none-eabi/lib\libc_s.a(lib_a-exit.o)
 .data          0x00000000        0x0 c:/program files (x86)/gnu tools arm embedded/4.8 2013q4/bin/../lib/gcc/arm-none-eabi/4.8.3/../../../../arm-none-eabi/lib\libc_s.a(lib_a-exit.o)
 .bss           0x00000000        0x0 c:/program files (x86)/gnu tools arm embedded/4.8 2013q4/bin/../lib/gcc/arm-none-eabi/4.8.3/../../../../arm-none-eabi/lib\libc_s.a(lib_a-exit.o)
 .text.exit     0x00000000       0x40 c:/program files (x86)/gnu tools arm embedded/4.8 2013q4/bin/../lib/gcc/arm-none-eabi/4.8.3/../../../../arm-none-eabi/lib\libc_s.a(lib_a-exit.o)
 .ARM.attributes
                0x00000000       0x30 c:/program files (x86)/gnu tools arm embedded/4.8 2013q4/bin/../lib/gcc/arm-none-eabi/4.8.3/../../../../arm-none-eabi/lib\libc_s.a(lib_a-exit.o)
 .debug_frame   0x00000000       0x28 c:/program files (x86)/gnu tools arm embedded/4.8 2013q4/bin/../lib/gcc/arm-none-eabi/4.8.3/../../../../arm-none-eabi/lib\libc_s.a(lib_a-exit.o)
 .text          0x00000000        0x0 c:/program files (x86)/gnu tools arm embedded/4.8 2013q4/bin/../lib/gcc/arm-none-eabi/4.8.3/../../../../arm-none-eabi/lib\libc_s.a(lib_a-impure.o)
 .data          0x00000000        0x0 c:/program files (x86)/gnu tools arm embedded/4.8 2013q4/bin/../lib/gcc/arm-none-eabi/4.8.3/../../../../arm-none-eabi/lib\libc_s.a(lib_a-impure.o)
 .bss           0x00000000        0x0 c:/program files (x86)/gnu tools arm embedded/4.8 2013q4/bin/../lib/gcc/arm-none-eabi/4.8.3/../../../../arm-none-eabi/lib\libc_s.a(lib_a-impure.o)
 .data.impure_data
                0x00000000       0x60 c:/program files (x86)/gnu tools arm embedded/4.8 2013q4/bin/../lib/gcc/arm-none-eabi/4.8.3/../../../../arm-none-eabi/lib\libc_s.a(lib_a-impure.o)
 .data._impure_ptr
                0x00000000        0x4 c:/program files (x86)/gnu tools arm embedded/4.8 2013q4/bin/../lib/gcc/arm-none-eabi/4.8.3/../../../../arm-none-eabi/lib\libc_s.a(lib_a-impure.o)
 .rodata.str1.1
                0x00000000        0x2 c:/program files (x86)/gnu tools arm embedded/4.8 2013q4/bin/../lib/gcc/arm-none-eabi/4.8.3/../../../../arm-none-eabi/lib\libc_s.a(lib_a-impure.o)
 .rodata._global_impure_ptr
                0x00000000        0x4 c:/program files (x86)/gnu tools arm embedded/4.8 2013q4/bin/../lib/gcc/arm-none-eabi/4.8.3/../../../../arm-none-eabi/lib\libc_s.a(lib_a-impure.o)
 .ARM.attributes
                0x00000000       0x30 c:/program files (x86)/gnu tools arm embedded/4.8 2013q4/bin/../lib/gcc/arm-none-eabi/4.8.3/../../../../arm-none-eabi/lib\libc_s.a(lib_a-impure.o)
 .text          0x00000000        0x0 c:/program files (x86)/gnu tools arm embedded/4.8 2013q4/bin/../lib/gcc/arm-none-eabi/4.8.3/../../../../arm-none-eabi/lib\libc_s.a(lib_a-init.o)
 .data          0x00000000        0x0 c:/program files (x86)/gnu tools arm embedded/4.8 2013q4/bin/../lib/gcc/arm-none-eabi/4.8.3/../../../../arm-none-eabi/lib\libc_s.a(lib_a-init.o)
 .bss           0x00000000        0x0 c:/program files (x86)/gnu tools arm embedded/4.8 2013q4/bin/../lib/gcc/arm-none-eabi/4.8.3/../../../../arm-none-eabi/lib\libc_s.a(lib_a-init.o)
 .text.__libc_init_array
                0x00000000       0x88 c:/program files (x86)/gnu tools arm embedded/4.8 2013q4/bin/../lib/gcc/arm-none-eabi/4.8.3/../../../../arm-none-eabi/lib\libc_s.a(lib_a-init.o)
 .ARM.attributes
                0x00000000       0x30 c:/program files (x86)/gnu tools arm embedded/4.8 2013q4/bin/../lib/gcc/arm-none-eabi/4.8.3/../../../../arm-none-eabi/lib\libc_s.a(lib_a-init.o)
 .debug_frame   0x00000000       0x2c c:/program files (x86)/gnu tools arm embedded/4.8 2013q4/bin/../lib/gcc/arm-none-eabi/4.8.3/../../../../arm-none-eabi/lib\libc_s.a(lib_a-init.o)
 .text          0x00000000        0x0 c:/program files (x86)/gnu tools arm embedded/4.8 2013q4/bin/../lib/gcc/arm-none-eabi/4.8.3/../../../../arm-none-eabi/lib\libc_s.a(lib_a-memset.o)
 .data          0x00000000        0x0 c:/program files (x86)/gnu tools arm embedded/4.8 2013q4/bin/../lib/gcc/arm-none-eabi/4.8.3/../../../../arm-none-eabi/lib\libc_s.a(lib_a-memset.o)
 .bss           0x00000000        0x0 c:/program files (x86)/gnu tools arm embedded/4.8 2013q4/bin/../lib/gcc/arm-none-eabi/4.8.3/../../../../arm-none-eabi/lib\libc_s.a(lib_a-memset.o)
 .text.memset   0x00000000       0x18 c:/program files (x86)/gnu tools arm embedded/4.8 2013q4/bin/../lib/gcc/arm-none-eabi/4.8.3/../../../../arm-none-eabi/lib\libc_s.a(lib_a-memset.o)
 .ARM.attributes
                0x00000000       0x30 c:/program files (x86)/gnu tools arm embedded/4.8 2013q4/bin/../lib/gcc/arm-none-eabi/4.8.3/../../../../arm-none-eabi/lib\libc_s.a(lib_a-memset.o)
 .debug_frame   0x00000000       0x20 c:/program files (x86)/gnu tools arm embedded/4.8 2013q4/bin/../lib/gcc/arm-none-eabi/4.8.3/../../../../arm-none-eabi/lib\libc_s.a(lib_a-memset.o)
 .text          0x00000000        0x0 c:/program files (x86)/gnu tools arm embedded/4.8 2013q4/bin/../lib/gcc/arm-none-eabi/4.8.3/crtend.o
 .data          0x00000000        0x0 c:/program files (x86)/gnu tools arm embedded/4.8 2013q4/bin/../lib/gcc/arm-none-eabi/4.8.3/crtend.o
 .bss           0x00000000        0x0 c:/program files (x86)/gnu tools arm embedded/4.8 2013q4/bin/../lib/gcc/arm-none-eabi/4.8.3/crtend.o
 .eh_frame      0x00000000        0x4 c:/program files (x86)/gnu tools arm embedded/4.8 2013q4/bin/../lib/gcc/arm-none-eabi/4.8.3/crtend.o
 .jcr           0x00000000        0x4 c:/program files (x86)/gnu tools arm embedded/4.8 2013q4/bin/../lib/gcc/arm-none-eabi/4.8.3/crtend.o
 .ARM.attributes
                0x00000000       0x30 c:/program files (x86)/gnu tools arm embedded/4.8 2013q4/bin/../lib/gcc/arm-none-eabi/4.8.3/crtend.o
 .text          0x00000000        0x0 c:/program files (x86)/gnu tools arm embedded/4.8 2013q4/bin/../lib/gcc/arm-none-eabi/4.8.3/crtn.o
 .data          0x00000000        0x0 c:/program files (x86)/gnu tools arm embedded/4.8 2013q4/bin/../lib/gcc/arm-none-eabi/4.8.3/crtn.o
 .bss           0x00000000        0x0 c:/program files (x86)/gnu tools arm embedded/4.8 2013q4/bin/../lib/gcc/arm-none-eabi/4.8.3/crtn.o
 .init          0x00000000        0xc c:/program files (x86)/gnu tools arm embedded/4.8 2013q4/bin/../lib/gcc/arm-none-eabi/4.8.3/crtn.o
 .fini          0x00000000        0xc c:/program files (x86)/gnu tools arm embedded/4.8 2013q4/bin/../lib/gcc/arm-none-eabi/4.8.3/crtn.o
 .ARM.attributes
                0x00000000       0x18 c:/program files (x86)/gnu tools arm embedded/4.8 2013q4/bin/../lib/gcc/arm-none-eabi/4.8.3/crtn.o

Memory Configuration

Name             Origin             Length             Attributes
INTERRUPTS       0x00000000         0x000000c0         xr
FLASHCONFIG      0x00000400         0x00000010         xr
TEXT             0x00000410         0x00007bf0         xr
RAM              0x1ffffc00         0x00001000         xrw
*default*        0x00000000         0xffffffff

Linker script and memory map

LOAD c:/program files (x86)/gnu tools arm embedded/4.8 2013q4/bin/../lib/gcc/arm-none-eabi/4.8.3/crti.o
LOAD c:/program files (x86)/gnu tools arm embedded/4.8 2013q4/bin/../lib/gcc/arm-none-eabi/4.8.3/crtbegin.o
LOAD c:/program files (x86)/gnu tools arm embedded/4.8 2013q4/bin/../lib/gcc/arm-none-eabi/4.8.3/../../../../arm-none-eabi/lib/crt0.o
LOAD obj\Debug\delay.o
LOAD obj\Debug\font_5x8.o
LOAD obj\Debug\interrupts.o
LOAD obj\Debug\main.o
LOAD obj\Debug\noahs_face.o
LOAD obj\Debug\ssd1306.o
LOAD obj\Debug\startup.o
LOAD obj\Debug\systick.o

.interrupts     0x00000000       0xc0
 *(.isr_vector .isr_vector.*)
 .isr_vector    0x00000000       0xc0 obj\Debug\startup.o
                0x00000000                g_pfnVectors

.flashconfig    0x00000400       0x10
 *(.flashconfig .flashconfig.*)
 .flashconfig   0x00000400       0x10 obj\Debug\startup.o
                0x00000400                flashConfig

.text           0x00000410      0xa14
 *(.text .text.* .gnu.linkonce.t.*)
 .text          0x00000410       0x28 obj\Debug\delay.o
                0x00000410                delay_ms
 .text          0x00000438       0xc0 obj\Debug\interrupts.o
                0x00000478                ResetHandler
                0x000004e4                SysTickIntHandler
                0x000004f0                DefaultIntHandler
 .text          0x000004f8      0x2a4 obj\Debug\main.o
                0x0000077c                main
 .text          0x0000079c      0x428 obj\Debug\ssd1306.o
                0x0000079c                ssd1306_command
                0x000007cc                ssd1306_data
                0x000007fc                ssd1306_init
                0x000009c4                ssd1306_setLine
                0x00000a04                ssd1306_writeString
                0x00000ae4                ssd1306_writeStringSize2
 .text          0x00000bc4       0x24 obj\Debug\startup.o
                0x00000bc4                StartupInitClock
 .text          0x00000be8       0x2c obj\Debug\systick.o
                0x00000be8                systick_update
                0x00000c00                systick_getMs
 *(.glue_7t)
 .glue_7t       0x00000000        0x0 linker stubs
 *(.glue_7)
 .glue_7        0x00000000        0x0 linker stubs
 *(.rodata .rodata* .gnu.linkonce.r.*)
 .rodata        0x00000c14      0x1e0 obj\Debug\font_5x8.o
                0x00000c14                font5x8
 .rodata        0x00000df4       0x30 obj\Debug\main.o

.vfp11_veneer   0x00000e24        0x0
 .vfp11_veneer  0x00000000        0x0 linker stubs

.v4_bx          0x00000e24        0x0
 .v4_bx         0x00000000        0x0 linker stubs

.iplt           0x00000e24        0x0
 .iplt          0x00000000        0x0 c:/program files (x86)/gnu tools arm embedded/4.8 2013q4/bin/../lib/gcc/arm-none-eabi/4.8.3/crtbegin.o

.rel.dyn        0x00000e24        0x0
 .rel.iplt      0x00000000        0x0 c:/program files (x86)/gnu tools arm embedded/4.8 2013q4/bin/../lib/gcc/arm-none-eabi/4.8.3/crtbegin.o

.ARM.extab
 *(.ARM.extab* .gnu.linkonce.armextab.*)

.ARM.exidx
 *(.ARM.exidx* .gnu.linkonce.armexidx.*)
                0x00000e24                . = ALIGN (0x4)
                0x00000e24                _etext = .
                0x00000e24                _sidata = .

.data           0x1ffffc00      0x404 load address 0x00000e24
                0x1ffffc00                _sdata = .
 *(.data .data.*)
 .data          0x1ffffc00        0x4 obj\Debug\main.o
 .data          0x1ffffc04      0x400 obj\Debug\noahs_face.o
                0x1ffffc04                noahs_face
                0x20000004                . = ALIGN (0x4)
                0x20000004                _edata = .

.igot.plt       0x20000004        0x0 load address 0x00001228
 .igot.plt      0x00000000        0x0 c:/program files (x86)/gnu tools arm embedded/4.8 2013q4/bin/../lib/gcc/arm-none-eabi/4.8.3/crtbegin.o

.bss            0x20000004       0x18 load address 0x00001228
                0x20000004                _sbss = .
 *(.bss .bss.*)
 .bss           0x20000004       0x14 obj\Debug\main.o
 .bss           0x20000018        0x4 obj\Debug\systick.o
                0x20000018                systick_ms
 *(COMMON)
                0x2000001c                . = ALIGN (0x4)
                0x2000001c                _ebss = .

.co_stack       0x2000001c      0x404 load address 0x00001240
                0x20000020                . = ALIGN (0x8)
 *fill*         0x2000001c        0x4 
 *(.co_stack .co_stack.*)
 .co_stack      0x20000020      0x400 obj\Debug\startup.o
                0x20000020                pulStack
                0x20000420                . = ALIGN (0x4)
                0x20000420                _end = .
LOAD c:/program files (x86)/gnu tools arm embedded/4.8 2013q4/bin/../lib/gcc/arm-none-eabi/4.8.3/../../../../arm-none-eabi/lib\libstdc++_s.a
LOAD c:/program files (x86)/gnu tools arm embedded/4.8 2013q4/bin/../lib/gcc/arm-none-eabi/4.8.3/../../../../arm-none-eabi/lib\libm.a
START GROUP
LOAD c:/program files (x86)/gnu tools arm embedded/4.8 2013q4/bin/../lib/gcc/arm-none-eabi/4.8.3\libgcc.a
LOAD c:/program files (x86)/gnu tools arm embedded/4.8 2013q4/bin/../lib/gcc/arm-none-eabi/4.8.3/../../../../arm-none-eabi/lib\libc_s.a
END GROUP
START GROUP
LOAD c:/program files (x86)/gnu tools arm embedded/4.8 2013q4/bin/../lib/gcc/arm-none-eabi/4.8.3\libgcc.a
LOAD c:/program files (x86)/gnu tools arm embedded/4.8 2013q4/bin/../lib/gcc/arm-none-eabi/4.8.3/../../../../arm-none-eabi/lib\libc_s.a
END GROUP
LOAD c:/program files (x86)/gnu tools arm embedded/4.8 2013q4/bin/../lib/gcc/arm-none-eabi/4.8.3/crtend.o
LOAD c:/program files (x86)/gnu tools arm embedded/4.8 2013q4/bin/../lib/gcc/arm-none-eabi/4.8.3/crtn.o
OUTPUT(bin\Debug\kl02.elf elf32-littlearm)

.debug_info     0x00000000     0x100f
 .debug_info    0x00000000       0xa0 obj\Debug\delay.o
 .debug_info    0x000000a0       0x4f obj\Debug\font_5x8.o
 .debug_info    0x000000ef      0x17a obj\Debug\interrupts.o
 .debug_info    0x00000269      0x591 obj\Debug\main.o
 .debug_info    0x000007fa       0x4a obj\Debug\noahs_face.o
 .debug_info    0x00000844      0x55a obj\Debug\ssd1306.o
 .debug_info    0x00000d9e      0x1c7 obj\Debug\startup.o
 .debug_info    0x00000f65       0xaa obj\Debug\systick.o

.debug_abbrev   0x00000000      0x5eb
 .debug_abbrev  0x00000000       0x6b obj\Debug\delay.o
 .debug_abbrev  0x0000006b       0x43 obj\Debug\font_5x8.o
 .debug_abbrev  0x000000ae      0x10a obj\Debug\interrupts.o
 .debug_abbrev  0x000001b8      0x186 obj\Debug\main.o
 .debug_abbrev  0x0000033e       0x3c obj\Debug\noahs_face.o
 .debug_abbrev  0x0000037a      0x131 obj\Debug\ssd1306.o
 .debug_abbrev  0x000004ab       0xc8 obj\Debug\startup.o
 .debug_abbrev  0x00000573       0x78 obj\Debug\systick.o

.debug_aranges  0x00000000       0xf0
 .debug_aranges
                0x00000000       0x20 obj\Debug\delay.o
 .debug_aranges
                0x00000020       0x18 obj\Debug\font_5x8.o
 .debug_aranges
                0x00000038       0x20 obj\Debug\interrupts.o
 .debug_aranges
                0x00000058       0x20 obj\Debug\main.o
 .debug_aranges
                0x00000078       0x18 obj\Debug\noahs_face.o
 .debug_aranges
                0x00000090       0x20 obj\Debug\ssd1306.o
 .debug_aranges
                0x000000b0       0x20 obj\Debug\startup.o
 .debug_aranges
                0x000000d0       0x20 obj\Debug\systick.o

.debug_line     0x00000000      0x767
 .debug_line    0x00000000       0xd2 obj\Debug\delay.o
 .debug_line    0x000000d2       0x61 obj\Debug\font_5x8.o
 .debug_line    0x00000133       0xfd obj\Debug\interrupts.o
 .debug_line    0x00000230      0x135 obj\Debug\main.o
 .debug_line    0x00000365       0x63 obj\Debug\noahs_face.o
 .debug_line    0x000003c8      0x1f2 obj\Debug\ssd1306.o
 .debug_line    0x000005ba       0xde obj\Debug\startup.o
 .debug_line    0x00000698       0xcf obj\Debug\systick.o

.debug_str      0x00000000      0x6a2
 .debug_str     0x00000000      0x111 obj\Debug\delay.o
                                0x145 (size before relaxing)
 .debug_str     0x00000111       0x52 obj\Debug\font_5x8.o
                                 0xbf (size before relaxing)
 .debug_str     0x00000163       0xd7 obj\Debug\interrupts.o
                                0x1cc (size before relaxing)
 .debug_str     0x0000023a      0x252 obj\Debug\main.o
                                0x35a (size before relaxing)
 .debug_str     0x0000048c       0x4e obj\Debug\noahs_face.o
                                 0xcd (size before relaxing)
 .debug_str     0x000004da       0xc8 obj\Debug\ssd1306.o
                                0x327 (size before relaxing)
 .debug_str     0x000005a2       0x98 obj\Debug\startup.o
                                0x1ab (size before relaxing)
 .debug_str     0x0000063a       0x68 obj\Debug\systick.o
                                0x15d (size before relaxing)

.comment        0x00000000       0x70
 .comment       0x00000000       0x70 obj\Debug\delay.o
                                 0x71 (size before relaxing)
 .comment       0x00000000       0x71 obj\Debug\font_5x8.o
 .comment       0x00000000       0x71 obj\Debug\interrupts.o
 .comment       0x00000000       0x71 obj\Debug\main.o
 .comment       0x00000000       0x71 obj\Debug\noahs_face.o
 .comment       0x00000000       0x71 obj\Debug\ssd1306.o
 .comment       0x00000000       0x71 obj\Debug\startup.o
 .comment       0x00000000       0x71 obj\Debug\systick.o

.ARM.attributes
                0x00000000       0x2d
 .ARM.attributes
                0x00000000       0x32 obj\Debug\delay.o
 .ARM.attributes
                0x00000032       0x32 obj\Debug\font_5x8.o
 .ARM.attributes
                0x00000064       0x32 obj\Debug\interrupts.o
 .ARM.attributes
                0x00000096       0x32 obj\Debug\main.o
 .ARM.attributes
                0x000000c8       0x32 obj\Debug\noahs_face.o
 .ARM.attributes
                0x000000fa       0x32 obj\Debug\ssd1306.o
 .ARM.attributes
                0x0000012c       0x32 obj\Debug\startup.o
 .ARM.attributes
                0x0000015e       0x32 obj\Debug\systick.o

.debug_frame    0x00000000      0x2dc
 .debug_frame   0x00000000       0x30 obj\Debug\delay.o
 .debug_frame   0x00000030       0x88 obj\Debug\interrupts.o
 .debug_frame   0x000000b8       0xe0 obj\Debug\main.o
 .debug_frame   0x00000198       0xd0 obj\Debug\ssd1306.o
 .debug_frame   0x00000268       0x2c obj\Debug\startup.o
 .debug_frame   0x00000294       0x48 obj\Debug\systick.o
