Archive member included because of file (symbol)

c:/program files (x86)/gnu tools arm embedded/4.8 2013q4/bin/../lib/gcc/arm-none-eabi/4.8.3/../../../../arm-none-eabi/lib\libc_s.a(lib_a-exit.o)
                              c:/program files (x86)/gnu tools arm embedded/4.8 2013q4/bin/../lib/gcc/arm-none-eabi/4.8.3/../../../../arm-none-eabi/lib/crt0.o (exit)
c:/program files (x86)/gnu tools arm embedded/4.8 2013q4/bin/../lib/gcc/arm-none-eabi/4.8.3/../../../../arm-none-eabi/lib\libc_s.a(lib_a-impure.o)
                              c:/program files (x86)/gnu tools arm embedded/4.8 2013q4/bin/../lib/gcc/arm-none-eabi/4.8.3/../../../../arm-none-eabi/lib\libc_s.a(lib_a-exit.o) (_global_impure_ptr)
c:/program files (x86)/gnu tools arm embedded/4.8 2013q4/bin/../lib/gcc/arm-none-eabi/4.8.3/../../../../arm-none-eabi/lib\libc_s.a(lib_a-init.o)
                              c:/program files (x86)/gnu tools arm embedded/4.8 2013q4/bin/../lib/gcc/arm-none-eabi/4.8.3/../../../../arm-none-eabi/lib/crt0.o (__libc_init_array)
c:/program files (x86)/gnu tools arm embedded/4.8 2013q4/bin/../lib/gcc/arm-none-eabi/4.8.3/../../../../arm-none-eabi/lib\libc_s.a(lib_a-memset.o)
                              c:/program files (x86)/gnu tools arm embedded/4.8 2013q4/bin/../lib/gcc/arm-none-eabi/4.8.3/../../../../arm-none-eabi/lib/crt0.o (memset)

Discarded input sections

 .text          0x00000000        0x0 c:/program files (x86)/gnu tools arm embedded/4.8 2013q4/bin/../lib/gcc/arm-none-eabi/4.8.3/crti.o
 .data          0x00000000        0x0 c:/program files (x86)/gnu tools arm embedded/4.8 2013q4/bin/../lib/gcc/arm-none-eabi/4.8.3/crti.o
 .bss           0x00000000        0x0 c:/program files (x86)/gnu tools arm embedded/4.8 2013q4/bin/../lib/gcc/arm-none-eabi/4.8.3/crti.o
 .init          0x00000000        0xc c:/program files (x86)/gnu tools arm embedded/4.8 2013q4/bin/../lib/gcc/arm-none-eabi/4.8.3/crti.o
 .fini          0x00000000        0xc c:/program files (x86)/gnu tools arm embedded/4.8 2013q4/bin/../lib/gcc/arm-none-eabi/4.8.3/crti.o
 .ARM.attributes
                0x00000000       0x16 c:/program files (x86)/gnu tools arm embedded/4.8 2013q4/bin/../lib/gcc/arm-none-eabi/4.8.3/crti.o
 .text          0x00000000       0x94 c:/program files (x86)/gnu tools arm embedded/4.8 2013q4/bin/../lib/gcc/arm-none-eabi/4.8.3/crtbegin.o
 .data          0x00000000        0x4 c:/program files (x86)/gnu tools arm embedded/4.8 2013q4/bin/../lib/gcc/arm-none-eabi/4.8.3/crtbegin.o
 .bss           0x00000000       0x1c c:/program files (x86)/gnu tools arm embedded/4.8 2013q4/bin/../lib/gcc/arm-none-eabi/4.8.3/crtbegin.o
 .init_array    0x00000000        0x4 c:/program files (x86)/gnu tools arm embedded/4.8 2013q4/bin/../lib/gcc/arm-none-eabi/4.8.3/crtbegin.o
 .fini_array    0x00000000        0x4 c:/program files (x86)/gnu tools arm embedded/4.8 2013q4/bin/../lib/gcc/arm-none-eabi/4.8.3/crtbegin.o
 .eh_frame      0x00000000        0x0 c:/program files (x86)/gnu tools arm embedded/4.8 2013q4/bin/../lib/gcc/arm-none-eabi/4.8.3/crtbegin.o
 .jcr           0x00000000        0x0 c:/program files (x86)/gnu tools arm embedded/4.8 2013q4/bin/../lib/gcc/arm-none-eabi/4.8.3/crtbegin.o
 .ARM.attributes
                0x00000000       0x30 c:/program files (x86)/gnu tools arm embedded/4.8 2013q4/bin/../lib/gcc/arm-none-eabi/4.8.3/crtbegin.o
 .text          0x00000000      0x114 c:/program files (x86)/gnu tools arm embedded/4.8 2013q4/bin/../lib/gcc/arm-none-eabi/4.8.3/../../../../arm-none-eabi/lib/crt0.o
 .data          0x00000000        0x0 c:/program files (x86)/gnu tools arm embedded/4.8 2013q4/bin/../lib/gcc/arm-none-eabi/4.8.3/../../../../arm-none-eabi/lib/crt0.o
 .bss           0x00000000        0x0 c:/program files (x86)/gnu tools arm embedded/4.8 2013q4/bin/../lib/gcc/arm-none-eabi/4.8.3/../../../../arm-none-eabi/lib/crt0.o
 .ARM.extab     0x00000000        0x0 c:/program files (x86)/gnu tools arm embedded/4.8 2013q4/bin/../lib/gcc/arm-none-eabi/4.8.3/../../../../arm-none-eabi/lib/crt0.o
 .ARM.exidx     0x00000000        0x8 c:/program files (x86)/gnu tools arm embedded/4.8 2013q4/bin/../lib/gcc/arm-none-eabi/4.8.3/../../../../arm-none-eabi/lib/crt0.o
 .ARM.attributes
                0x00000000       0x14 c:/program files (x86)/gnu tools arm embedded/4.8 2013q4/bin/../lib/gcc/arm-none-eabi/4.8.3/../../../../arm-none-eabi/lib/crt0.o
 .text          0x00000000       0x28 obj\Debug\src\delay.o
 .data          0x00000000        0x0 obj\Debug\src\delay.o
 .bss           0x00000000        0x0 obj\Debug\src\delay.o
 .debug_info    0x00000000       0xa0 obj\Debug\src\delay.o
 .debug_abbrev  0x00000000       0x6b obj\Debug\src\delay.o
 .debug_aranges
                0x00000000       0x20 obj\Debug\src\delay.o
 .debug_line    0x00000000       0xb5 obj\Debug\src\delay.o
 .debug_str     0x00000000      0x128 obj\Debug\src\delay.o
 .comment       0x00000000       0x71 obj\Debug\src\delay.o
 .ARM.attributes
                0x00000000       0x32 obj\Debug\src\delay.o
 .debug_frame   0x00000000       0x30 obj\Debug\src\delay.o
 .text          0x00000000        0x0 obj\Debug\src\font_5x8.o
 .data          0x00000000        0x0 obj\Debug\src\font_5x8.o
 .bss           0x00000000        0x0 obj\Debug\src\font_5x8.o
 .data          0x00000000        0x0 obj\Debug\src\interrupts.o
 .bss           0x00000000        0x0 obj\Debug\src\interrupts.o
 .text          0x00000000        0x0 obj\Debug\src\noahs_face.o
 .data          0x00000000      0x400 obj\Debug\src\noahs_face.o
 .bss           0x00000000        0x0 obj\Debug\src\noahs_face.o
 .debug_info    0x00000000       0x4a obj\Debug\src\noahs_face.o
 .debug_abbrev  0x00000000       0x3c obj\Debug\src\noahs_face.o
 .debug_aranges
                0x00000000       0x18 obj\Debug\src\noahs_face.o
 .debug_line    0x00000000       0x46 obj\Debug\src\noahs_face.o
 .debug_str     0x00000000       0xb0 obj\Debug\src\noahs_face.o
 .comment       0x00000000       0x71 obj\Debug\src\noahs_face.o
 .ARM.attributes
                0x00000000       0x32 obj\Debug\src\noahs_face.o
 .data          0x00000000        0x0 obj\Debug\src\ssd1306.o
 .bss           0x00000000        0x0 obj\Debug\src\ssd1306.o
 .data          0x00000000        0x0 obj\Debug\src\startup.o
 .bss           0x00000000        0x0 obj\Debug\src\startup.o
 .data          0x00000000        0x0 obj\Debug\src\systick.o
 .text          0x00000000        0x0 c:/program files (x86)/gnu tools arm embedded/4.8 2013q4/bin/../lib/gcc/arm-none-eabi/4.8.3/../../../../arm-none-eabi/lib\libc_s.a(lib_a-exit.o)
 .data          0x00000000        0x0 c:/program files (x86)/gnu tools arm embedded/4.8 2013q4/bin/../lib/gcc/arm-none-eabi/4.8.3/../../../../arm-none-eabi/lib\libc_s.a(lib_a-exit.o)
 .bss           0x00000000        0x0 c:/program files (x86)/gnu tools arm embedded/4.8 2013q4/bin/../lib/gcc/arm-none-eabi/4.8.3/../../../../arm-none-eabi/lib\libc_s.a(lib_a-exit.o)
 .text.exit     0x00000000       0x40 c:/program files (x86)/gnu tools arm embedded/4.8 2013q4/bin/../lib/gcc/arm-none-eabi/4.8.3/../../../../arm-none-eabi/lib\libc_s.a(lib_a-exit.o)
 .ARM.attributes
                0x00000000       0x30 c:/program files (x86)/gnu tools arm embedded/4.8 2013q4/bin/../lib/gcc/arm-none-eabi/4.8.3/../../../../arm-none-eabi/lib\libc_s.a(lib_a-exit.o)
 .debug_frame   0x00000000       0x28 c:/program files (x86)/gnu tools arm embedded/4.8 2013q4/bin/../lib/gcc/arm-none-eabi/4.8.3/../../../../arm-none-eabi/lib\libc_s.a(lib_a-exit.o)
 .text          0x00000000        0x0 c:/program files (x86)/gnu tools arm embedded/4.8 2013q4/bin/../lib/gcc/arm-none-eabi/4.8.3/../../../../arm-none-eabi/lib\libc_s.a(lib_a-impure.o)
 .data          0x00000000        0x0 c:/program files (x86)/gnu tools arm embedded/4.8 2013q4/bin/../lib/gcc/arm-none-eabi/4.8.3/../../../../arm-none-eabi/lib\libc_s.a(lib_a-impure.o)
 .bss           0x00000000        0x0 c:/program files (x86)/gnu tools arm embedded/4.8 2013q4/bin/../lib/gcc/arm-none-eabi/4.8.3/../../../../arm-none-eabi/lib\libc_s.a(lib_a-impure.o)
 .data.impure_data
                0x00000000       0x60 c:/program files (x86)/gnu tools arm embedded/4.8 2013q4/bin/../lib/gcc/arm-none-eabi/4.8.3/../../../../arm-none-eabi/lib\libc_s.a(lib_a-impure.o)
 .data._impure_ptr
                0x00000000        0x4 c:/program files (x86)/gnu tools arm embedded/4.8 2013q4/bin/../lib/gcc/arm-none-eabi/4.8.3/../../../../arm-none-eabi/lib\libc_s.a(lib_a-impure.o)
 .rodata.str1.1
                0x00000000        0x2 c:/program files (x86)/gnu tools arm embedded/4.8 2013q4/bin/../lib/gcc/arm-none-eabi/4.8.3/../../../../arm-none-eabi/lib\libc_s.a(lib_a-impure.o)
 .rodata._global_impure_ptr
                0x00000000        0x4 c:/program files (x86)/gnu tools arm embedded/4.8 2013q4/bin/../lib/gcc/arm-none-eabi/4.8.3/../../../../arm-none-eabi/lib\libc_s.a(lib_a-impure.o)
 .ARM.attributes
                0x00000000       0x30 c:/program files (x86)/gnu tools arm embedded/4.8 2013q4/bin/../lib/gcc/arm-none-eabi/4.8.3/../../../../arm-none-eabi/lib\libc_s.a(lib_a-impure.o)
 .text          0x00000000        0x0 c:/program files (x86)/gnu tools arm embedded/4.8 2013q4/bin/../lib/gcc/arm-none-eabi/4.8.3/../../../../arm-none-eabi/lib\libc_s.a(lib_a-init.o)
 .data          0x00000000        0x0 c:/program files (x86)/gnu tools arm embedded/4.8 2013q4/bin/../lib/gcc/arm-none-eabi/4.8.3/../../../../arm-none-eabi/lib\libc_s.a(lib_a-init.o)
 .bss           0x00000000        0x0 c:/program files (x86)/gnu tools arm embedded/4.8 2013q4/bin/../lib/gcc/arm-none-eabi/4.8.3/../../../../arm-none-eabi/lib\libc_s.a(lib_a-init.o)
 .text.__libc_init_array
                0x00000000       0x88 c:/program files (x86)/gnu tools arm embedded/4.8 2013q4/bin/../lib/gcc/arm-none-eabi/4.8.3/../../../../arm-none-eabi/lib\libc_s.a(lib_a-init.o)
 .ARM.attributes
                0x00000000       0x30 c:/program files (x86)/gnu tools arm embedded/4.8 2013q4/bin/../lib/gcc/arm-none-eabi/4.8.3/../../../../arm-none-eabi/lib\libc_s.a(lib_a-init.o)
 .debug_frame   0x00000000       0x2c c:/program files (x86)/gnu tools arm embedded/4.8 2013q4/bin/../lib/gcc/arm-none-eabi/4.8.3/../../../../arm-none-eabi/lib\libc_s.a(lib_a-init.o)
 .text          0x00000000        0x0 c:/program files (x86)/gnu tools arm embedded/4.8 2013q4/bin/../lib/gcc/arm-none-eabi/4.8.3/../../../../arm-none-eabi/lib\libc_s.a(lib_a-memset.o)
 .data          0x00000000        0x0 c:/program files (x86)/gnu tools arm embedded/4.8 2013q4/bin/../lib/gcc/arm-none-eabi/4.8.3/../../../../arm-none-eabi/lib\libc_s.a(lib_a-memset.o)
 .bss           0x00000000        0x0 c:/program files (x86)/gnu tools arm embedded/4.8 2013q4/bin/../lib/gcc/arm-none-eabi/4.8.3/../../../../arm-none-eabi/lib\libc_s.a(lib_a-memset.o)
 .text.memset   0x00000000       0x18 c:/program files (x86)/gnu tools arm embedded/4.8 2013q4/bin/../lib/gcc/arm-none-eabi/4.8.3/../../../../arm-none-eabi/lib\libc_s.a(lib_a-memset.o)
 .ARM.attributes
                0x00000000       0x30 c:/program files (x86)/gnu tools arm embedded/4.8 2013q4/bin/../lib/gcc/arm-none-eabi/4.8.3/../../../../arm-none-eabi/lib\libc_s.a(lib_a-memset.o)
 .debug_frame   0x00000000       0x20 c:/program files (x86)/gnu tools arm embedded/4.8 2013q4/bin/../lib/gcc/arm-none-eabi/4.8.3/../../../../arm-none-eabi/lib\libc_s.a(lib_a-memset.o)
 .text          0x00000000        0x0 c:/program files (x86)/gnu tools arm embedded/4.8 2013q4/bin/../lib/gcc/arm-none-eabi/4.8.3/crtend.o
 .data          0x00000000        0x0 c:/program files (x86)/gnu tools arm embedded/4.8 2013q4/bin/../lib/gcc/arm-none-eabi/4.8.3/crtend.o
 .bss           0x00000000        0x0 c:/program files (x86)/gnu tools arm embedded/4.8 2013q4/bin/../lib/gcc/arm-none-eabi/4.8.3/crtend.o
 .eh_frame      0x00000000        0x4 c:/program files (x86)/gnu tools arm embedded/4.8 2013q4/bin/../lib/gcc/arm-none-eabi/4.8.3/crtend.o
 .jcr           0x00000000        0x4 c:/program files (x86)/gnu tools arm embedded/4.8 2013q4/bin/../lib/gcc/arm-none-eabi/4.8.3/crtend.o
 .ARM.attributes
                0x00000000       0x30 c:/program files (x86)/gnu tools arm embedded/4.8 2013q4/bin/../lib/gcc/arm-none-eabi/4.8.3/crtend.o
 .text          0x00000000        0x0 c:/program files (x86)/gnu tools arm embedded/4.8 2013q4/bin/../lib/gcc/arm-none-eabi/4.8.3/crtn.o
 .data          0x00000000        0x0 c:/program files (x86)/gnu tools arm embedded/4.8 2013q4/bin/../lib/gcc/arm-none-eabi/4.8.3/crtn.o
 .bss           0x00000000        0x0 c:/program files (x86)/gnu tools arm embedded/4.8 2013q4/bin/../lib/gcc/arm-none-eabi/4.8.3/crtn.o
 .init          0x00000000        0xc c:/program files (x86)/gnu tools arm embedded/4.8 2013q4/bin/../lib/gcc/arm-none-eabi/4.8.3/crtn.o
 .fini          0x00000000        0xc c:/program files (x86)/gnu tools arm embedded/4.8 2013q4/bin/../lib/gcc/arm-none-eabi/4.8.3/crtn.o
 .ARM.attributes
                0x00000000       0x18 c:/program files (x86)/gnu tools arm embedded/4.8 2013q4/bin/../lib/gcc/arm-none-eabi/4.8.3/crtn.o

Memory Configuration

Name             Origin             Length             Attributes
INTERRUPTS       0x00000000         0x000000c0         xr
FLASHCONFIG      0x00000400         0x00000010         xr
TEXT             0x00000410         0x00007bf0         xr
RAM              0x1ffffc00         0x00001000         xrw
*default*        0x00000000         0xffffffff

Linker script and memory map

LOAD c:/program files (x86)/gnu tools arm embedded/4.8 2013q4/bin/../lib/gcc/arm-none-eabi/4.8.3/crti.o
LOAD c:/program files (x86)/gnu tools arm embedded/4.8 2013q4/bin/../lib/gcc/arm-none-eabi/4.8.3/crtbegin.o
LOAD c:/program files (x86)/gnu tools arm embedded/4.8 2013q4/bin/../lib/gcc/arm-none-eabi/4.8.3/../../../../arm-none-eabi/lib/crt0.o
LOAD obj\Debug\src\delay.o
LOAD obj\Debug\src\font_5x8.o
LOAD obj\Debug\src\interrupts.o
LOAD obj\Debug\src\main.o
LOAD obj\Debug\src\noahs_face.o
LOAD obj\Debug\src\ssd1306.o
LOAD obj\Debug\src\startup.o
LOAD obj\Debug\src\systick.o

.interrupts     0x00000000       0xc0
 *(.isr_vector .isr_vector.*)
 .isr_vector    0x00000000       0xc0 obj\Debug\src\startup.o
                0x00000000                g_pfnVectors

.flashconfig    0x00000400       0x10
 *(.flashconfig .flashconfig.*)
 .flashconfig   0x00000400       0x10 obj\Debug\src\startup.o
                0x00000400                flashConfig

.text           0x00000410      0x638
 *(.text .text.* .gnu.linkonce.t.*)
 .text          0x00000410       0xc0 obj\Debug\src\interrupts.o
                0x00000450                ResetHandler
                0x000004bc                SysTickIntHandler
                0x000004c8                DefaultIntHandler
 .text          0x000004d0      0x10c obj\Debug\src\main.o
                0x000004d0                main_init_io
                0x00000520                main_led
                0x00000550                main_oled
                0x000005cc                main
 .text          0x000005dc      0x230 obj\Debug\src\ssd1306.o
                0x000005dc                ssd1306_command
                0x000005f0                ssd1306_data
                0x00000604                ssd1306_init
                0x0000060c                ssd1306_setLine
                0x0000064c                ssd1306_writeString
                0x0000072c                ssd1306_writeStringSize2
 .text          0x0000080c        0x8 obj\Debug\src\startup.o
                0x0000080c                StartupInitClock
 .text          0x00000814       0x2c obj\Debug\src\systick.o
                0x00000814                systick_update
                0x0000082c                systick_getMs
 *(.glue_7t)
 .glue_7t       0x00000000        0x0 linker stubs
 *(.glue_7)
 .glue_7        0x00000000        0x0 linker stubs
 *(.rodata .rodata* .gnu.linkonce.r.*)
 .rodata        0x00000840      0x1e0 obj\Debug\src\font_5x8.o
                0x00000840                font5x8
 .rodata        0x00000a20       0x28 obj\Debug\src\main.o

.vfp11_veneer   0x00000a48        0x0
 .vfp11_veneer  0x00000000        0x0 linker stubs

.v4_bx          0x00000a48        0x0
 .v4_bx         0x00000000        0x0 linker stubs

.iplt           0x00000a48        0x0
 .iplt          0x00000000        0x0 c:/program files (x86)/gnu tools arm embedded/4.8 2013q4/bin/../lib/gcc/arm-none-eabi/4.8.3/crtbegin.o

.rel.dyn        0x00000a48        0x0
 .rel.iplt      0x00000000        0x0 c:/program files (x86)/gnu tools arm embedded/4.8 2013q4/bin/../lib/gcc/arm-none-eabi/4.8.3/crtbegin.o

.ARM.extab
 *(.ARM.extab* .gnu.linkonce.armextab.*)

.ARM.exidx
 *(.ARM.exidx* .gnu.linkonce.armexidx.*)
                0x00000a48                . = ALIGN (0x4)
                0x00000a48                _etext = .
                0x00000a48                _sidata = .

.data           0x1ffffc00        0x4 load address 0x00000a48
                0x1ffffc00                _sdata = .
 *(.data .data.*)
 .data          0x1ffffc00        0x4 obj\Debug\src\main.o
                0x1ffffc04                . = ALIGN (0x4)
                0x1ffffc04                _edata = .

.igot.plt       0x1ffffc04        0x0 load address 0x00000a4c
 .igot.plt      0x00000000        0x0 c:/program files (x86)/gnu tools arm embedded/4.8 2013q4/bin/../lib/gcc/arm-none-eabi/4.8.3/crtbegin.o

.bss            0x1ffffc04       0x10 load address 0x00000a4c
                0x1ffffc04                _sbss = .
 *(.bss .bss.*)
 .bss           0x1ffffc04        0xc obj\Debug\src\main.o
 .bss           0x1ffffc10        0x4 obj\Debug\src\systick.o
                0x1ffffc10                systick_ms
 *(COMMON)
                0x1ffffc14                . = ALIGN (0x4)
                0x1ffffc14                _ebss = .

.co_stack       0x1ffffc14      0x404 load address 0x00000a5c
                0x1ffffc18                . = ALIGN (0x8)
 *fill*         0x1ffffc14        0x4 
 *(.co_stack .co_stack.*)
 .co_stack      0x1ffffc18      0x400 obj\Debug\src\startup.o
                0x1ffffc18                pulStack
                0x20000018                . = ALIGN (0x4)
                0x20000018                _end = .
START GROUP
LOAD c:/program files (x86)/gnu tools arm embedded/4.8 2013q4/bin/../lib/gcc/arm-none-eabi/4.8.3\libgcc.a
LOAD c:/program files (x86)/gnu tools arm embedded/4.8 2013q4/bin/../lib/gcc/arm-none-eabi/4.8.3/../../../../arm-none-eabi/lib\libc_s.a
END GROUP
START GROUP
LOAD c:/program files (x86)/gnu tools arm embedded/4.8 2013q4/bin/../lib/gcc/arm-none-eabi/4.8.3\libgcc.a
LOAD c:/program files (x86)/gnu tools arm embedded/4.8 2013q4/bin/../lib/gcc/arm-none-eabi/4.8.3/../../../../arm-none-eabi/lib\libc_s.a
END GROUP
LOAD c:/program files (x86)/gnu tools arm embedded/4.8 2013q4/bin/../lib/gcc/arm-none-eabi/4.8.3/crtend.o
LOAD c:/program files (x86)/gnu tools arm embedded/4.8 2013q4/bin/../lib/gcc/arm-none-eabi/4.8.3/crtn.o
OUTPUT(bin\Debug\kl02.elf elf32-littlearm)

.debug_info     0x00000000      0x962
 .debug_info    0x00000000       0x4f obj\Debug\src\font_5x8.o
 .debug_info    0x0000004f      0x17a obj\Debug\src\interrupts.o
 .debug_info    0x000001c9      0x413 obj\Debug\src\main.o
 .debug_info    0x000005dc      0x1e8 obj\Debug\src\ssd1306.o
 .debug_info    0x000007c4       0xf4 obj\Debug\src\startup.o
 .debug_info    0x000008b8       0xaa obj\Debug\src\systick.o

.debug_abbrev   0x00000000      0x433
 .debug_abbrev  0x00000000       0x43 obj\Debug\src\font_5x8.o
 .debug_abbrev  0x00000043      0x10a obj\Debug\src\interrupts.o
 .debug_abbrev  0x0000014d      0x113 obj\Debug\src\main.o
 .debug_abbrev  0x00000260       0xe1 obj\Debug\src\ssd1306.o
 .debug_abbrev  0x00000341       0x7a obj\Debug\src\startup.o
 .debug_abbrev  0x000003bb       0x78 obj\Debug\src\systick.o

.debug_aranges  0x00000000       0xb8
 .debug_aranges
                0x00000000       0x18 obj\Debug\src\font_5x8.o
 .debug_aranges
                0x00000018       0x20 obj\Debug\src\interrupts.o
 .debug_aranges
                0x00000038       0x20 obj\Debug\src\main.o
 .debug_aranges
                0x00000058       0x20 obj\Debug\src\ssd1306.o
 .debug_aranges
                0x00000078       0x20 obj\Debug\src\startup.o
 .debug_aranges
                0x00000098       0x20 obj\Debug\src\systick.o

.debug_line     0x00000000      0x478
 .debug_line    0x00000000       0x44 obj\Debug\src\font_5x8.o
 .debug_line    0x00000044       0xe0 obj\Debug\src\interrupts.o
 .debug_line    0x00000124       0xd5 obj\Debug\src\main.o
 .debug_line    0x000001f9      0x177 obj\Debug\src\ssd1306.o
 .debug_line    0x00000370       0x56 obj\Debug\src\startup.o
 .debug_line    0x000003c6       0xb2 obj\Debug\src\systick.o

.debug_str      0x00000000      0x4b0
 .debug_str     0x00000000       0x9d obj\Debug\src\font_5x8.o
                                 0xa2 (size before relaxing)
 .debug_str     0x0000009d      0x113 obj\Debug\src\interrupts.o
                                0x1af (size before relaxing)
 .debug_str     0x000001b0      0x1c2 obj\Debug\src\main.o
                                0x2c5 (size before relaxing)
 .debug_str     0x00000372       0x9d obj\Debug\src\ssd1306.o
                                0x1b0 (size before relaxing)
 .debug_str     0x0000040f       0x56 obj\Debug\src\startup.o
                                0x14b (size before relaxing)
 .debug_str     0x00000465       0x4b obj\Debug\src\systick.o
                                0x140 (size before relaxing)

.comment        0x00000000       0x70
 .comment       0x00000000       0x70 obj\Debug\src\font_5x8.o
                                 0x71 (size before relaxing)
 .comment       0x00000000       0x71 obj\Debug\src\interrupts.o
 .comment       0x00000000       0x71 obj\Debug\src\main.o
 .comment       0x00000000       0x71 obj\Debug\src\ssd1306.o
 .comment       0x00000000       0x71 obj\Debug\src\startup.o
 .comment       0x00000000       0x71 obj\Debug\src\systick.o

.ARM.attributes
                0x00000000       0x2d
 .ARM.attributes
                0x00000000       0x32 obj\Debug\src\font_5x8.o
 .ARM.attributes
                0x00000032       0x32 obj\Debug\src\interrupts.o
 .ARM.attributes
                0x00000064       0x32 obj\Debug\src\main.o
 .ARM.attributes
                0x00000096       0x32 obj\Debug\src\ssd1306.o
 .ARM.attributes
                0x000000c8       0x32 obj\Debug\src\startup.o
 .ARM.attributes
                0x000000fa       0x32 obj\Debug\src\systick.o

.debug_frame    0x00000000      0x24c
 .debug_frame   0x00000000       0x88 obj\Debug\src\interrupts.o
 .debug_frame   0x00000088       0x84 obj\Debug\src\main.o
 .debug_frame   0x0000010c       0xcc obj\Debug\src\ssd1306.o
 .debug_frame   0x000001d8       0x2c obj\Debug\src\startup.o
 .debug_frame   0x00000204       0x48 obj\Debug\src\systick.o
