Archive member included because of file (symbol)

/usr/bin/../lib/gcc/arm-none-eabi/4.7.4/../../../../arm-none-eabi/lib/libc_s.a(lib_a-__atexit2.o)
                              /usr/bin/../lib/gcc/arm-none-eabi/4.7.4/../../../../arm-none-eabi/lib/crt0.o (__register_exitproc)
/usr/bin/../lib/gcc/arm-none-eabi/4.7.4/../../../../arm-none-eabi/lib/libc_s.a(lib_a-exit.o)
                              /usr/bin/../lib/gcc/arm-none-eabi/4.7.4/../../../../arm-none-eabi/lib/crt0.o (exit)
/usr/bin/../lib/gcc/arm-none-eabi/4.7.4/../../../../arm-none-eabi/lib/libc_s.a(lib_a-fini.o)
                              /usr/bin/../lib/gcc/arm-none-eabi/4.7.4/../../../../arm-none-eabi/lib/crt0.o (__libc_fini_array)
/usr/bin/../lib/gcc/arm-none-eabi/4.7.4/../../../../arm-none-eabi/lib/libc_s.a(lib_a-impure.o)
                              /usr/bin/../lib/gcc/arm-none-eabi/4.7.4/../../../../arm-none-eabi/lib/libc_s.a(lib_a-exit.o) (_global_impure_ptr)
/usr/bin/../lib/gcc/arm-none-eabi/4.7.4/../../../../arm-none-eabi/lib/libc_s.a(lib_a-init.o)
                              /usr/bin/../lib/gcc/arm-none-eabi/4.7.4/../../../../arm-none-eabi/lib/crt0.o (__libc_init_array)
/usr/bin/../lib/gcc/arm-none-eabi/4.7.4/../../../../arm-none-eabi/lib/libc_s.a(lib_a-memset.o)
                              /usr/bin/../lib/gcc/arm-none-eabi/4.7.4/../../../../arm-none-eabi/lib/crt0.o (memset)

Discarded input sections

 .text          0x0000000000000000        0x0 /usr/bin/../lib/gcc/arm-none-eabi/4.7.4/crti.o
 .data          0x0000000000000000        0x0 /usr/bin/../lib/gcc/arm-none-eabi/4.7.4/crti.o
 .bss           0x0000000000000000        0x0 /usr/bin/../lib/gcc/arm-none-eabi/4.7.4/crti.o
 .init          0x0000000000000000        0xc /usr/bin/../lib/gcc/arm-none-eabi/4.7.4/crti.o
 .fini          0x0000000000000000        0xc /usr/bin/../lib/gcc/arm-none-eabi/4.7.4/crti.o
 .ARM.attributes
                0x0000000000000000       0x16 /usr/bin/../lib/gcc/arm-none-eabi/4.7.4/crti.o
 .text          0x0000000000000000       0x94 /usr/bin/../lib/gcc/arm-none-eabi/4.7.4/crtbegin.o
 .data          0x0000000000000000        0x4 /usr/bin/../lib/gcc/arm-none-eabi/4.7.4/crtbegin.o
 .bss           0x0000000000000000       0x1c /usr/bin/../lib/gcc/arm-none-eabi/4.7.4/crtbegin.o
 .init_array    0x0000000000000000        0x4 /usr/bin/../lib/gcc/arm-none-eabi/4.7.4/crtbegin.o
 .fini_array    0x0000000000000000        0x4 /usr/bin/../lib/gcc/arm-none-eabi/4.7.4/crtbegin.o
 .eh_frame      0x0000000000000000        0x0 /usr/bin/../lib/gcc/arm-none-eabi/4.7.4/crtbegin.o
 .jcr           0x0000000000000000        0x0 /usr/bin/../lib/gcc/arm-none-eabi/4.7.4/crtbegin.o
 .ARM.attributes
                0x0000000000000000       0x30 /usr/bin/../lib/gcc/arm-none-eabi/4.7.4/crtbegin.o
 .text          0x0000000000000000      0x110 /usr/bin/../lib/gcc/arm-none-eabi/4.7.4/../../../../arm-none-eabi/lib/crt0.o
 .data          0x0000000000000000        0x0 /usr/bin/../lib/gcc/arm-none-eabi/4.7.4/../../../../arm-none-eabi/lib/crt0.o
 .bss           0x0000000000000000        0x0 /usr/bin/../lib/gcc/arm-none-eabi/4.7.4/../../../../arm-none-eabi/lib/crt0.o
 .ARM.extab     0x0000000000000000        0x0 /usr/bin/../lib/gcc/arm-none-eabi/4.7.4/../../../../arm-none-eabi/lib/crt0.o
 .ARM.exidx     0x0000000000000000        0x8 /usr/bin/../lib/gcc/arm-none-eabi/4.7.4/../../../../arm-none-eabi/lib/crt0.o
 .ARM.attributes
                0x0000000000000000       0x14 /usr/bin/../lib/gcc/arm-none-eabi/4.7.4/../../../../arm-none-eabi/lib/crt0.o
 .text          0x0000000000000000        0x0 obj/Debug/src/font_5x8.o
 .data          0x0000000000000000        0x0 obj/Debug/src/font_5x8.o
 .bss           0x0000000000000000        0x0 obj/Debug/src/font_5x8.o
 .rodata        0x0000000000000000      0x1e0 obj/Debug/src/font_5x8.o
 .debug_info    0x0000000000000000       0x50 obj/Debug/src/font_5x8.o
 .debug_abbrev  0x0000000000000000       0x43 obj/Debug/src/font_5x8.o
 .debug_aranges
                0x0000000000000000       0x18 obj/Debug/src/font_5x8.o
 .debug_line    0x0000000000000000       0x5c obj/Debug/src/font_5x8.o
 .debug_str     0x0000000000000000       0x9b obj/Debug/src/font_5x8.o
 .comment       0x0000000000000000       0x71 obj/Debug/src/font_5x8.o
 .ARM.attributes
                0x0000000000000000       0x32 obj/Debug/src/font_5x8.o
 .data          0x0000000000000000        0x0 obj/Debug/src/interrupts.o
 .bss           0x0000000000000000        0x0 obj/Debug/src/interrupts.o
 .data          0x0000000000000000        0x0 obj/Debug/src/startup.o
 .bss           0x0000000000000000        0x0 obj/Debug/src/startup.o
 .data          0x0000000000000000        0x0 obj/Debug/src/systick.o
 .text          0x0000000000000000        0x0 /usr/bin/../lib/gcc/arm-none-eabi/4.7.4/../../../../arm-none-eabi/lib/libc_s.a(lib_a-__atexit2.o)
 .data          0x0000000000000000        0x0 /usr/bin/../lib/gcc/arm-none-eabi/4.7.4/../../../../arm-none-eabi/lib/libc_s.a(lib_a-__atexit2.o)
 .bss           0x0000000000000000        0x0 /usr/bin/../lib/gcc/arm-none-eabi/4.7.4/../../../../arm-none-eabi/lib/libc_s.a(lib_a-__atexit2.o)
 .text.__register_exitproc
                0x0000000000000000       0x28 /usr/bin/../lib/gcc/arm-none-eabi/4.7.4/../../../../arm-none-eabi/lib/libc_s.a(lib_a-__atexit2.o)
 .ARM.attributes
                0x0000000000000000       0x30 /usr/bin/../lib/gcc/arm-none-eabi/4.7.4/../../../../arm-none-eabi/lib/libc_s.a(lib_a-__atexit2.o)
 .debug_frame   0x0000000000000000       0x28 /usr/bin/../lib/gcc/arm-none-eabi/4.7.4/../../../../arm-none-eabi/lib/libc_s.a(lib_a-__atexit2.o)
 .text          0x0000000000000000        0x0 /usr/bin/../lib/gcc/arm-none-eabi/4.7.4/../../../../arm-none-eabi/lib/libc_s.a(lib_a-exit.o)
 .data          0x0000000000000000        0x0 /usr/bin/../lib/gcc/arm-none-eabi/4.7.4/../../../../arm-none-eabi/lib/libc_s.a(lib_a-exit.o)
 .bss           0x0000000000000000        0x0 /usr/bin/../lib/gcc/arm-none-eabi/4.7.4/../../../../arm-none-eabi/lib/libc_s.a(lib_a-exit.o)
 .text.exit     0x0000000000000000       0x4c /usr/bin/../lib/gcc/arm-none-eabi/4.7.4/../../../../arm-none-eabi/lib/libc_s.a(lib_a-exit.o)
 .ARM.attributes
                0x0000000000000000       0x30 /usr/bin/../lib/gcc/arm-none-eabi/4.7.4/../../../../arm-none-eabi/lib/libc_s.a(lib_a-exit.o)
 .debug_frame   0x0000000000000000       0x28 /usr/bin/../lib/gcc/arm-none-eabi/4.7.4/../../../../arm-none-eabi/lib/libc_s.a(lib_a-exit.o)
 .text          0x0000000000000000        0x0 /usr/bin/../lib/gcc/arm-none-eabi/4.7.4/../../../../arm-none-eabi/lib/libc_s.a(lib_a-fini.o)
 .data          0x0000000000000000        0x0 /usr/bin/../lib/gcc/arm-none-eabi/4.7.4/../../../../arm-none-eabi/lib/libc_s.a(lib_a-fini.o)
 .bss           0x0000000000000000        0x0 /usr/bin/../lib/gcc/arm-none-eabi/4.7.4/../../../../arm-none-eabi/lib/libc_s.a(lib_a-fini.o)
 .text.__libc_fini_array
                0x0000000000000000       0x50 /usr/bin/../lib/gcc/arm-none-eabi/4.7.4/../../../../arm-none-eabi/lib/libc_s.a(lib_a-fini.o)
 .ARM.attributes
                0x0000000000000000       0x30 /usr/bin/../lib/gcc/arm-none-eabi/4.7.4/../../../../arm-none-eabi/lib/libc_s.a(lib_a-fini.o)
 .debug_frame   0x0000000000000000       0x2c /usr/bin/../lib/gcc/arm-none-eabi/4.7.4/../../../../arm-none-eabi/lib/libc_s.a(lib_a-fini.o)
 .text          0x0000000000000000        0x0 /usr/bin/../lib/gcc/arm-none-eabi/4.7.4/../../../../arm-none-eabi/lib/libc_s.a(lib_a-impure.o)
 .data          0x0000000000000000        0x0 /usr/bin/../lib/gcc/arm-none-eabi/4.7.4/../../../../arm-none-eabi/lib/libc_s.a(lib_a-impure.o)
 .bss           0x0000000000000000        0x0 /usr/bin/../lib/gcc/arm-none-eabi/4.7.4/../../../../arm-none-eabi/lib/libc_s.a(lib_a-impure.o)
 .data.impure_data
                0x0000000000000000       0x64 /usr/bin/../lib/gcc/arm-none-eabi/4.7.4/../../../../arm-none-eabi/lib/libc_s.a(lib_a-impure.o)
 .data._impure_ptr
                0x0000000000000000        0x4 /usr/bin/../lib/gcc/arm-none-eabi/4.7.4/../../../../arm-none-eabi/lib/libc_s.a(lib_a-impure.o)
 .rodata.str1.1
                0x0000000000000000        0x2 /usr/bin/../lib/gcc/arm-none-eabi/4.7.4/../../../../arm-none-eabi/lib/libc_s.a(lib_a-impure.o)
 .rodata._global_impure_ptr
                0x0000000000000000        0x4 /usr/bin/../lib/gcc/arm-none-eabi/4.7.4/../../../../arm-none-eabi/lib/libc_s.a(lib_a-impure.o)
 .ARM.attributes
                0x0000000000000000       0x30 /usr/bin/../lib/gcc/arm-none-eabi/4.7.4/../../../../arm-none-eabi/lib/libc_s.a(lib_a-impure.o)
 .text          0x0000000000000000        0x0 /usr/bin/../lib/gcc/arm-none-eabi/4.7.4/../../../../arm-none-eabi/lib/libc_s.a(lib_a-init.o)
 .data          0x0000000000000000        0x0 /usr/bin/../lib/gcc/arm-none-eabi/4.7.4/../../../../arm-none-eabi/lib/libc_s.a(lib_a-init.o)
 .bss           0x0000000000000000        0x0 /usr/bin/../lib/gcc/arm-none-eabi/4.7.4/../../../../arm-none-eabi/lib/libc_s.a(lib_a-init.o)
 .text.__libc_init_array
                0x0000000000000000       0x88 /usr/bin/../lib/gcc/arm-none-eabi/4.7.4/../../../../arm-none-eabi/lib/libc_s.a(lib_a-init.o)
 .ARM.attributes
                0x0000000000000000       0x30 /usr/bin/../lib/gcc/arm-none-eabi/4.7.4/../../../../arm-none-eabi/lib/libc_s.a(lib_a-init.o)
 .debug_frame   0x0000000000000000       0x2c /usr/bin/../lib/gcc/arm-none-eabi/4.7.4/../../../../arm-none-eabi/lib/libc_s.a(lib_a-init.o)
 .text          0x0000000000000000        0x0 /usr/bin/../lib/gcc/arm-none-eabi/4.7.4/../../../../arm-none-eabi/lib/libc_s.a(lib_a-memset.o)
 .data          0x0000000000000000        0x0 /usr/bin/../lib/gcc/arm-none-eabi/4.7.4/../../../../arm-none-eabi/lib/libc_s.a(lib_a-memset.o)
 .bss           0x0000000000000000        0x0 /usr/bin/../lib/gcc/arm-none-eabi/4.7.4/../../../../arm-none-eabi/lib/libc_s.a(lib_a-memset.o)
 .text.memset   0x0000000000000000       0x1c /usr/bin/../lib/gcc/arm-none-eabi/4.7.4/../../../../arm-none-eabi/lib/libc_s.a(lib_a-memset.o)
 .ARM.attributes
                0x0000000000000000       0x30 /usr/bin/../lib/gcc/arm-none-eabi/4.7.4/../../../../arm-none-eabi/lib/libc_s.a(lib_a-memset.o)
 .debug_frame   0x0000000000000000       0x20 /usr/bin/../lib/gcc/arm-none-eabi/4.7.4/../../../../arm-none-eabi/lib/libc_s.a(lib_a-memset.o)
 .text          0x0000000000000000        0x0 /usr/bin/../lib/gcc/arm-none-eabi/4.7.4/crtend.o
 .data          0x0000000000000000        0x0 /usr/bin/../lib/gcc/arm-none-eabi/4.7.4/crtend.o
 .bss           0x0000000000000000        0x0 /usr/bin/../lib/gcc/arm-none-eabi/4.7.4/crtend.o
 .eh_frame      0x0000000000000000        0x4 /usr/bin/../lib/gcc/arm-none-eabi/4.7.4/crtend.o
 .jcr           0x0000000000000000        0x4 /usr/bin/../lib/gcc/arm-none-eabi/4.7.4/crtend.o
 .ARM.attributes
                0x0000000000000000       0x30 /usr/bin/../lib/gcc/arm-none-eabi/4.7.4/crtend.o
 .text          0x0000000000000000        0x0 /usr/bin/../lib/gcc/arm-none-eabi/4.7.4/crtn.o
 .data          0x0000000000000000        0x0 /usr/bin/../lib/gcc/arm-none-eabi/4.7.4/crtn.o
 .bss           0x0000000000000000        0x0 /usr/bin/../lib/gcc/arm-none-eabi/4.7.4/crtn.o
 .init          0x0000000000000000        0xc /usr/bin/../lib/gcc/arm-none-eabi/4.7.4/crtn.o
 .fini          0x0000000000000000        0xc /usr/bin/../lib/gcc/arm-none-eabi/4.7.4/crtn.o
 .ARM.attributes
                0x0000000000000000       0x18 /usr/bin/../lib/gcc/arm-none-eabi/4.7.4/crtn.o

Memory Configuration

Name             Origin             Length             Attributes
INTERRUPTS       0x0000000000000000 0x00000000000000c0 xr
FLASHCONFIG      0x0000000000000400 0x0000000000000010 xr
TEXT             0x0000000000000410 0x000000000001fbf0 xr
RAM              0x000000001ffff000 0x0000000000004000 xrw
*default*        0x0000000000000000 0xffffffffffffffff

Linker script and memory map

LOAD /usr/bin/../lib/gcc/arm-none-eabi/4.7.4/crti.o
LOAD /usr/bin/../lib/gcc/arm-none-eabi/4.7.4/crtbegin.o
LOAD /usr/bin/../lib/gcc/arm-none-eabi/4.7.4/../../../../arm-none-eabi/lib/crt0.o
LOAD obj/Debug/src/font_5x8.o
LOAD obj/Debug/src/interrupts.o
LOAD obj/Debug/src/main.o
LOAD obj/Debug/src/startup.o
LOAD obj/Debug/src/systick.o

.interrupts     0x0000000000000000       0xc0
 *(.isr_vector .isr_vector.*)
 .isr_vector    0x0000000000000000       0xc0 obj/Debug/src/startup.o
                0x0000000000000000                g_pfnVectors

.flashconfig    0x0000000000000400       0x10
 *(.flashconfig .flashconfig.*)
 .flashconfig   0x0000000000000400       0x10 obj/Debug/src/startup.o
                0x0000000000000400                flashConfig

.text           0x0000000000000410      0x4cc
 *(.text .text.* .gnu.linkonce.t.*)
 .text          0x0000000000000410       0xc4 obj/Debug/src/interrupts.o
                0x0000000000000450                ResetHandler
                0x00000000000004c0                SysTickIntHandler
                0x00000000000004cc                DefaultIntHandler
 .text          0x00000000000004d4      0x368 obj/Debug/src/main.o
                0x00000000000004d4                delay_ms
                0x00000000000004fc                main_init_io
                0x000000000000054c                ssd1306_command
                0x0000000000000584                ssd1306_data
                0x00000000000005bc                main_init_oled
                0x0000000000000790                main_led
                0x00000000000007c0                display_oled_string
                0x00000000000007f0                main_oled
                0x0000000000000824                main
 .text          0x000000000000083c       0x64 obj/Debug/src/startup.o
                0x000000000000083c                StartupInitClock
 .text          0x00000000000008a0       0x2c obj/Debug/src/systick.o
                0x00000000000008a0                systick_update
                0x00000000000008b8                systick_getMs
 *(.glue_7t)
 .glue_7t       0x0000000000000000        0x0 linker stubs
 *(.glue_7)
 .glue_7        0x0000000000000000        0x0 linker stubs
 *(.rodata .rodata* .gnu.linkonce.r.*)
 .rodata        0x00000000000008cc       0x10 obj/Debug/src/main.o

.vfp11_veneer   0x00000000000008dc        0x0
 .vfp11_veneer  0x0000000000000000        0x0 linker stubs

.v4_bx          0x00000000000008dc        0x0
 .v4_bx         0x0000000000000000        0x0 linker stubs

.iplt           0x00000000000008dc        0x0
 .iplt          0x0000000000000000        0x0 /usr/bin/../lib/gcc/arm-none-eabi/4.7.4/crtbegin.o

.rel.dyn        0x00000000000008dc        0x0
 .rel.iplt      0x0000000000000000        0x0 /usr/bin/../lib/gcc/arm-none-eabi/4.7.4/crtbegin.o

.ARM.extab
 *(.ARM.extab* .gnu.linkonce.armextab.*)

.ARM.exidx
 *(.ARM.exidx* .gnu.linkonce.armexidx.*)
                0x00000000000008dc                . = ALIGN (0x4)
                0x00000000000008dc                _etext = .
                0x00000000000008dc                _sidata = .

.data           0x000000001ffff000        0x4 load address 0x00000000000008dc
                0x000000001ffff000                _sdata = .
 *(.data .data.*)
 .data          0x000000001ffff000        0x4 obj/Debug/src/main.o
                0x000000001ffff004                . = ALIGN (0x4)
                0x000000001ffff004                _edata = .

.igot.plt       0x000000001ffff004        0x0 load address 0x00000000000008e0
 .igot.plt      0x0000000000000000        0x0 /usr/bin/../lib/gcc/arm-none-eabi/4.7.4/crtbegin.o

.bss            0x000000001ffff004      0x40c load address 0x00000000000008e0
                0x000000001ffff004                _sbss = .
 *(.bss .bss.*)
 .bss           0x000000001ffff004      0x408 obj/Debug/src/main.o
                0x000000001ffff004                buffer
 .bss           0x000000001ffff40c        0x4 obj/Debug/src/systick.o
                0x000000001ffff40c                systick_ms
 *(COMMON)
                0x000000001ffff410                . = ALIGN (0x4)
                0x000000001ffff410                _ebss = .

.co_stack       0x000000001ffff410      0x400 load address 0x0000000000000cec
                0x000000001ffff410                . = ALIGN (0x8)
 *(.co_stack .co_stack.*)
 .co_stack      0x000000001ffff410      0x400 obj/Debug/src/startup.o
                0x000000001ffff410                pulStack
                0x000000001ffff810                . = ALIGN (0x4)
                0x000000001ffff810                _end = .
START GROUP
LOAD /usr/bin/../lib/gcc/arm-none-eabi/4.7.4/libgcc.a
LOAD /usr/bin/../lib/gcc/arm-none-eabi/4.7.4/../../../../arm-none-eabi/lib/libc_s.a
END GROUP
LOAD /usr/bin/../lib/gcc/arm-none-eabi/4.7.4/crtend.o
LOAD /usr/bin/../lib/gcc/arm-none-eabi/4.7.4/crtn.o
OUTPUT(bin/Debug/kl24.elf elf32-littlearm)

.debug_info     0x0000000000000000      0xd24
 .debug_info    0x0000000000000000      0x19f obj/Debug/src/interrupts.o
 .debug_info    0x000000000000019f      0x5ec obj/Debug/src/main.o
 .debug_info    0x000000000000078b      0x4e4 obj/Debug/src/startup.o
 .debug_info    0x0000000000000c6f       0xb5 obj/Debug/src/systick.o

.debug_abbrev   0x0000000000000000      0x3b8
 .debug_abbrev  0x0000000000000000      0x10a obj/Debug/src/interrupts.o
 .debug_abbrev  0x000000000000010a      0x156 obj/Debug/src/main.o
 .debug_abbrev  0x0000000000000260       0xe0 obj/Debug/src/startup.o
 .debug_abbrev  0x0000000000000340       0x78 obj/Debug/src/systick.o

.debug_loc      0x0000000000000000      0x308
 .debug_loc     0x0000000000000000       0xc8 obj/Debug/src/interrupts.o
 .debug_loc     0x00000000000000c8      0x1bc obj/Debug/src/main.o
 .debug_loc     0x0000000000000284       0x2c obj/Debug/src/startup.o
 .debug_loc     0x00000000000002b0       0x58 obj/Debug/src/systick.o

.debug_aranges  0x0000000000000000       0x80
 .debug_aranges
                0x0000000000000000       0x20 obj/Debug/src/interrupts.o
 .debug_aranges
                0x0000000000000020       0x20 obj/Debug/src/main.o
 .debug_aranges
                0x0000000000000040       0x20 obj/Debug/src/startup.o
 .debug_aranges
                0x0000000000000060       0x20 obj/Debug/src/systick.o

.debug_line     0x0000000000000000      0x3f0
 .debug_line    0x0000000000000000       0xf3 obj/Debug/src/interrupts.o
 .debug_line    0x00000000000000f3      0x163 obj/Debug/src/main.o
 .debug_line    0x0000000000000256       0xd5 obj/Debug/src/startup.o
 .debug_line    0x000000000000032b       0xc5 obj/Debug/src/systick.o

.debug_str      0x0000000000000000      0x4b3
 .debug_str     0x0000000000000000      0x174 obj/Debug/src/interrupts.o
                                        0x1a8 (size before relaxing)
 .debug_str     0x0000000000000174      0x249 obj/Debug/src/main.o
                                        0x324 (size before relaxing)
 .debug_str     0x00000000000003bd       0x93 obj/Debug/src/startup.o
                                        0x28c (size before relaxing)
 .debug_str     0x0000000000000450       0x63 obj/Debug/src/systick.o
                                        0x139 (size before relaxing)

.comment        0x0000000000000000       0x70
 .comment       0x0000000000000000       0x70 obj/Debug/src/interrupts.o
                                         0x71 (size before relaxing)
 .comment       0x0000000000000000       0x71 obj/Debug/src/main.o
 .comment       0x0000000000000000       0x71 obj/Debug/src/startup.o
 .comment       0x0000000000000000       0x71 obj/Debug/src/systick.o

.ARM.attributes
                0x0000000000000000       0x2d
 .ARM.attributes
                0x0000000000000000       0x32 obj/Debug/src/interrupts.o
 .ARM.attributes
                0x0000000000000032       0x32 obj/Debug/src/main.o
 .ARM.attributes
                0x0000000000000064       0x32 obj/Debug/src/startup.o
 .ARM.attributes
                0x0000000000000096       0x32 obj/Debug/src/systick.o

.debug_frame    0x0000000000000000      0x218
 .debug_frame   0x0000000000000000       0x88 obj/Debug/src/interrupts.o
 .debug_frame   0x0000000000000088      0x11c obj/Debug/src/main.o
 .debug_frame   0x00000000000001a4       0x2c obj/Debug/src/startup.o
 .debug_frame   0x00000000000001d0       0x48 obj/Debug/src/systick.o
