Archive member included because of file (symbol)

c:/program files (x86)/gnu tools arm embedded/4.7 2013q3/bin/../lib/gcc/arm-none-eabi/4.7.4/../../../../arm-none-eabi/lib\libc_s.a(lib_a-__atexit2.o)
                              c:/program files (x86)/gnu tools arm embedded/4.7 2013q3/bin/../lib/gcc/arm-none-eabi/4.7.4/../../../../arm-none-eabi/lib/crt0.o (__register_exitproc)
c:/program files (x86)/gnu tools arm embedded/4.7 2013q3/bin/../lib/gcc/arm-none-eabi/4.7.4/../../../../arm-none-eabi/lib\libc_s.a(lib_a-exit.o)
                              c:/program files (x86)/gnu tools arm embedded/4.7 2013q3/bin/../lib/gcc/arm-none-eabi/4.7.4/../../../../arm-none-eabi/lib/crt0.o (exit)
c:/program files (x86)/gnu tools arm embedded/4.7 2013q3/bin/../lib/gcc/arm-none-eabi/4.7.4/../../../../arm-none-eabi/lib\libc_s.a(lib_a-fini.o)
                              c:/program files (x86)/gnu tools arm embedded/4.7 2013q3/bin/../lib/gcc/arm-none-eabi/4.7.4/../../../../arm-none-eabi/lib/crt0.o (__libc_fini_array)
c:/program files (x86)/gnu tools arm embedded/4.7 2013q3/bin/../lib/gcc/arm-none-eabi/4.7.4/../../../../arm-none-eabi/lib\libc_s.a(lib_a-impure.o)
                              c:/program files (x86)/gnu tools arm embedded/4.7 2013q3/bin/../lib/gcc/arm-none-eabi/4.7.4/../../../../arm-none-eabi/lib\libc_s.a(lib_a-exit.o) (_global_impure_ptr)
c:/program files (x86)/gnu tools arm embedded/4.7 2013q3/bin/../lib/gcc/arm-none-eabi/4.7.4/../../../../arm-none-eabi/lib\libc_s.a(lib_a-init.o)
                              c:/program files (x86)/gnu tools arm embedded/4.7 2013q3/bin/../lib/gcc/arm-none-eabi/4.7.4/../../../../arm-none-eabi/lib/crt0.o (__libc_init_array)
c:/program files (x86)/gnu tools arm embedded/4.7 2013q3/bin/../lib/gcc/arm-none-eabi/4.7.4/../../../../arm-none-eabi/lib\libc_s.a(lib_a-memset.o)
                              c:/program files (x86)/gnu tools arm embedded/4.7 2013q3/bin/../lib/gcc/arm-none-eabi/4.7.4/../../../../arm-none-eabi/lib/crt0.o (memset)

Discarded input sections

 .text          0x00000000        0x0 c:/program files (x86)/gnu tools arm embedded/4.7 2013q3/bin/../lib/gcc/arm-none-eabi/4.7.4/crti.o
 .data          0x00000000        0x0 c:/program files (x86)/gnu tools arm embedded/4.7 2013q3/bin/../lib/gcc/arm-none-eabi/4.7.4/crti.o
 .bss           0x00000000        0x0 c:/program files (x86)/gnu tools arm embedded/4.7 2013q3/bin/../lib/gcc/arm-none-eabi/4.7.4/crti.o
 .init          0x00000000        0xc c:/program files (x86)/gnu tools arm embedded/4.7 2013q3/bin/../lib/gcc/arm-none-eabi/4.7.4/crti.o
 .fini          0x00000000        0xc c:/program files (x86)/gnu tools arm embedded/4.7 2013q3/bin/../lib/gcc/arm-none-eabi/4.7.4/crti.o
 .ARM.attributes
                0x00000000       0x16 c:/program files (x86)/gnu tools arm embedded/4.7 2013q3/bin/../lib/gcc/arm-none-eabi/4.7.4/crti.o
 .text          0x00000000       0x94 c:/program files (x86)/gnu tools arm embedded/4.7 2013q3/bin/../lib/gcc/arm-none-eabi/4.7.4/crtbegin.o
 .data          0x00000000        0x4 c:/program files (x86)/gnu tools arm embedded/4.7 2013q3/bin/../lib/gcc/arm-none-eabi/4.7.4/crtbegin.o
 .bss           0x00000000       0x1c c:/program files (x86)/gnu tools arm embedded/4.7 2013q3/bin/../lib/gcc/arm-none-eabi/4.7.4/crtbegin.o
 .init_array    0x00000000        0x4 c:/program files (x86)/gnu tools arm embedded/4.7 2013q3/bin/../lib/gcc/arm-none-eabi/4.7.4/crtbegin.o
 .fini_array    0x00000000        0x4 c:/program files (x86)/gnu tools arm embedded/4.7 2013q3/bin/../lib/gcc/arm-none-eabi/4.7.4/crtbegin.o
 .eh_frame      0x00000000        0x0 c:/program files (x86)/gnu tools arm embedded/4.7 2013q3/bin/../lib/gcc/arm-none-eabi/4.7.4/crtbegin.o
 .jcr           0x00000000        0x0 c:/program files (x86)/gnu tools arm embedded/4.7 2013q3/bin/../lib/gcc/arm-none-eabi/4.7.4/crtbegin.o
 .ARM.attributes
                0x00000000       0x30 c:/program files (x86)/gnu tools arm embedded/4.7 2013q3/bin/../lib/gcc/arm-none-eabi/4.7.4/crtbegin.o
 .text          0x00000000      0x110 c:/program files (x86)/gnu tools arm embedded/4.7 2013q3/bin/../lib/gcc/arm-none-eabi/4.7.4/../../../../arm-none-eabi/lib/crt0.o
 .data          0x00000000        0x0 c:/program files (x86)/gnu tools arm embedded/4.7 2013q3/bin/../lib/gcc/arm-none-eabi/4.7.4/../../../../arm-none-eabi/lib/crt0.o
 .bss           0x00000000        0x0 c:/program files (x86)/gnu tools arm embedded/4.7 2013q3/bin/../lib/gcc/arm-none-eabi/4.7.4/../../../../arm-none-eabi/lib/crt0.o
 .ARM.extab     0x00000000        0x0 c:/program files (x86)/gnu tools arm embedded/4.7 2013q3/bin/../lib/gcc/arm-none-eabi/4.7.4/../../../../arm-none-eabi/lib/crt0.o
 .ARM.exidx     0x00000000        0x8 c:/program files (x86)/gnu tools arm embedded/4.7 2013q3/bin/../lib/gcc/arm-none-eabi/4.7.4/../../../../arm-none-eabi/lib/crt0.o
 .ARM.attributes
                0x00000000       0x14 c:/program files (x86)/gnu tools arm embedded/4.7 2013q3/bin/../lib/gcc/arm-none-eabi/4.7.4/../../../../arm-none-eabi/lib/crt0.o
 .data          0x00000000        0x0 obj\Debug\src\delay.o
 .bss           0x00000000        0x0 obj\Debug\src\delay.o
 .text          0x00000000        0x0 obj\Debug\src\font_5x8.o
 .data          0x00000000        0x0 obj\Debug\src\font_5x8.o
 .bss           0x00000000        0x0 obj\Debug\src\font_5x8.o
 .data          0x00000000        0x0 obj\Debug\src\interrupts.o
 .bss           0x00000000        0x0 obj\Debug\src\interrupts.o
 .text          0x00000000        0x0 obj\Debug\src\noahs_face.o
 .bss           0x00000000        0x0 obj\Debug\src\noahs_face.o
 .data          0x00000000        0x0 obj\Debug\src\ssd1306.o
 .bss           0x00000000        0x0 obj\Debug\src\ssd1306.o
 .data          0x00000000        0x0 obj\Debug\src\startup.o
 .bss           0x00000000        0x0 obj\Debug\src\startup.o
 .data          0x00000000        0x0 obj\Debug\src\systick.o
 .text          0x00000000        0x0 c:/program files (x86)/gnu tools arm embedded/4.7 2013q3/bin/../lib/gcc/arm-none-eabi/4.7.4/../../../../arm-none-eabi/lib\libc_s.a(lib_a-__atexit2.o)
 .data          0x00000000        0x0 c:/program files (x86)/gnu tools arm embedded/4.7 2013q3/bin/../lib/gcc/arm-none-eabi/4.7.4/../../../../arm-none-eabi/lib\libc_s.a(lib_a-__atexit2.o)
 .bss           0x00000000        0x0 c:/program files (x86)/gnu tools arm embedded/4.7 2013q3/bin/../lib/gcc/arm-none-eabi/4.7.4/../../../../arm-none-eabi/lib\libc_s.a(lib_a-__atexit2.o)
 .text.__register_exitproc
                0x00000000       0x28 c:/program files (x86)/gnu tools arm embedded/4.7 2013q3/bin/../lib/gcc/arm-none-eabi/4.7.4/../../../../arm-none-eabi/lib\libc_s.a(lib_a-__atexit2.o)
 .ARM.attributes
                0x00000000       0x30 c:/program files (x86)/gnu tools arm embedded/4.7 2013q3/bin/../lib/gcc/arm-none-eabi/4.7.4/../../../../arm-none-eabi/lib\libc_s.a(lib_a-__atexit2.o)
 .debug_frame   0x00000000       0x28 c:/program files (x86)/gnu tools arm embedded/4.7 2013q3/bin/../lib/gcc/arm-none-eabi/4.7.4/../../../../arm-none-eabi/lib\libc_s.a(lib_a-__atexit2.o)
 .text          0x00000000        0x0 c:/program files (x86)/gnu tools arm embedded/4.7 2013q3/bin/../lib/gcc/arm-none-eabi/4.7.4/../../../../arm-none-eabi/lib\libc_s.a(lib_a-exit.o)
 .data          0x00000000        0x0 c:/program files (x86)/gnu tools arm embedded/4.7 2013q3/bin/../lib/gcc/arm-none-eabi/4.7.4/../../../../arm-none-eabi/lib\libc_s.a(lib_a-exit.o)
 .bss           0x00000000        0x0 c:/program files (x86)/gnu tools arm embedded/4.7 2013q3/bin/../lib/gcc/arm-none-eabi/4.7.4/../../../../arm-none-eabi/lib\libc_s.a(lib_a-exit.o)
 .text.exit     0x00000000       0x4c c:/program files (x86)/gnu tools arm embedded/4.7 2013q3/bin/../lib/gcc/arm-none-eabi/4.7.4/../../../../arm-none-eabi/lib\libc_s.a(lib_a-exit.o)
 .ARM.attributes
                0x00000000       0x30 c:/program files (x86)/gnu tools arm embedded/4.7 2013q3/bin/../lib/gcc/arm-none-eabi/4.7.4/../../../../arm-none-eabi/lib\libc_s.a(lib_a-exit.o)
 .debug_frame   0x00000000       0x28 c:/program files (x86)/gnu tools arm embedded/4.7 2013q3/bin/../lib/gcc/arm-none-eabi/4.7.4/../../../../arm-none-eabi/lib\libc_s.a(lib_a-exit.o)
 .text          0x00000000        0x0 c:/program files (x86)/gnu tools arm embedded/4.7 2013q3/bin/../lib/gcc/arm-none-eabi/4.7.4/../../../../arm-none-eabi/lib\libc_s.a(lib_a-fini.o)
 .data          0x00000000        0x0 c:/program files (x86)/gnu tools arm embedded/4.7 2013q3/bin/../lib/gcc/arm-none-eabi/4.7.4/../../../../arm-none-eabi/lib\libc_s.a(lib_a-fini.o)
 .bss           0x00000000        0x0 c:/program files (x86)/gnu tools arm embedded/4.7 2013q3/bin/../lib/gcc/arm-none-eabi/4.7.4/../../../../arm-none-eabi/lib\libc_s.a(lib_a-fini.o)
 .text.__libc_fini_array
                0x00000000       0x50 c:/program files (x86)/gnu tools arm embedded/4.7 2013q3/bin/../lib/gcc/arm-none-eabi/4.7.4/../../../../arm-none-eabi/lib\libc_s.a(lib_a-fini.o)
 .ARM.attributes
                0x00000000       0x30 c:/program files (x86)/gnu tools arm embedded/4.7 2013q3/bin/../lib/gcc/arm-none-eabi/4.7.4/../../../../arm-none-eabi/lib\libc_s.a(lib_a-fini.o)
 .debug_frame   0x00000000       0x2c c:/program files (x86)/gnu tools arm embedded/4.7 2013q3/bin/../lib/gcc/arm-none-eabi/4.7.4/../../../../arm-none-eabi/lib\libc_s.a(lib_a-fini.o)
 .text          0x00000000        0x0 c:/program files (x86)/gnu tools arm embedded/4.7 2013q3/bin/../lib/gcc/arm-none-eabi/4.7.4/../../../../arm-none-eabi/lib\libc_s.a(lib_a-impure.o)
 .data          0x00000000        0x0 c:/program files (x86)/gnu tools arm embedded/4.7 2013q3/bin/../lib/gcc/arm-none-eabi/4.7.4/../../../../arm-none-eabi/lib\libc_s.a(lib_a-impure.o)
 .bss           0x00000000        0x0 c:/program files (x86)/gnu tools arm embedded/4.7 2013q3/bin/../lib/gcc/arm-none-eabi/4.7.4/../../../../arm-none-eabi/lib\libc_s.a(lib_a-impure.o)
 .data.impure_data
                0x00000000       0x64 c:/program files (x86)/gnu tools arm embedded/4.7 2013q3/bin/../lib/gcc/arm-none-eabi/4.7.4/../../../../arm-none-eabi/lib\libc_s.a(lib_a-impure.o)
 .data._impure_ptr
                0x00000000        0x4 c:/program files (x86)/gnu tools arm embedded/4.7 2013q3/bin/../lib/gcc/arm-none-eabi/4.7.4/../../../../arm-none-eabi/lib\libc_s.a(lib_a-impure.o)
 .rodata.str1.1
                0x00000000        0x2 c:/program files (x86)/gnu tools arm embedded/4.7 2013q3/bin/../lib/gcc/arm-none-eabi/4.7.4/../../../../arm-none-eabi/lib\libc_s.a(lib_a-impure.o)
 .rodata._global_impure_ptr
                0x00000000        0x4 c:/program files (x86)/gnu tools arm embedded/4.7 2013q3/bin/../lib/gcc/arm-none-eabi/4.7.4/../../../../arm-none-eabi/lib\libc_s.a(lib_a-impure.o)
 .ARM.attributes
                0x00000000       0x30 c:/program files (x86)/gnu tools arm embedded/4.7 2013q3/bin/../lib/gcc/arm-none-eabi/4.7.4/../../../../arm-none-eabi/lib\libc_s.a(lib_a-impure.o)
 .text          0x00000000        0x0 c:/program files (x86)/gnu tools arm embedded/4.7 2013q3/bin/../lib/gcc/arm-none-eabi/4.7.4/../../../../arm-none-eabi/lib\libc_s.a(lib_a-init.o)
 .data          0x00000000        0x0 c:/program files (x86)/gnu tools arm embedded/4.7 2013q3/bin/../lib/gcc/arm-none-eabi/4.7.4/../../../../arm-none-eabi/lib\libc_s.a(lib_a-init.o)
 .bss           0x00000000        0x0 c:/program files (x86)/gnu tools arm embedded/4.7 2013q3/bin/../lib/gcc/arm-none-eabi/4.7.4/../../../../arm-none-eabi/lib\libc_s.a(lib_a-init.o)
 .text.__libc_init_array
                0x00000000       0x88 c:/program files (x86)/gnu tools arm embedded/4.7 2013q3/bin/../lib/gcc/arm-none-eabi/4.7.4/../../../../arm-none-eabi/lib\libc_s.a(lib_a-init.o)
 .ARM.attributes
                0x00000000       0x30 c:/program files (x86)/gnu tools arm embedded/4.7 2013q3/bin/../lib/gcc/arm-none-eabi/4.7.4/../../../../arm-none-eabi/lib\libc_s.a(lib_a-init.o)
 .debug_frame   0x00000000       0x2c c:/program files (x86)/gnu tools arm embedded/4.7 2013q3/bin/../lib/gcc/arm-none-eabi/4.7.4/../../../../arm-none-eabi/lib\libc_s.a(lib_a-init.o)
 .text          0x00000000        0x0 c:/program files (x86)/gnu tools arm embedded/4.7 2013q3/bin/../lib/gcc/arm-none-eabi/4.7.4/../../../../arm-none-eabi/lib\libc_s.a(lib_a-memset.o)
 .data          0x00000000        0x0 c:/program files (x86)/gnu tools arm embedded/4.7 2013q3/bin/../lib/gcc/arm-none-eabi/4.7.4/../../../../arm-none-eabi/lib\libc_s.a(lib_a-memset.o)
 .bss           0x00000000        0x0 c:/program files (x86)/gnu tools arm embedded/4.7 2013q3/bin/../lib/gcc/arm-none-eabi/4.7.4/../../../../arm-none-eabi/lib\libc_s.a(lib_a-memset.o)
 .text.memset   0x00000000       0x1c c:/program files (x86)/gnu tools arm embedded/4.7 2013q3/bin/../lib/gcc/arm-none-eabi/4.7.4/../../../../arm-none-eabi/lib\libc_s.a(lib_a-memset.o)
 .ARM.attributes
                0x00000000       0x30 c:/program files (x86)/gnu tools arm embedded/4.7 2013q3/bin/../lib/gcc/arm-none-eabi/4.7.4/../../../../arm-none-eabi/lib\libc_s.a(lib_a-memset.o)
 .debug_frame   0x00000000       0x20 c:/program files (x86)/gnu tools arm embedded/4.7 2013q3/bin/../lib/gcc/arm-none-eabi/4.7.4/../../../../arm-none-eabi/lib\libc_s.a(lib_a-memset.o)
 .text          0x00000000        0x0 c:/program files (x86)/gnu tools arm embedded/4.7 2013q3/bin/../lib/gcc/arm-none-eabi/4.7.4/crtend.o
 .data          0x00000000        0x0 c:/program files (x86)/gnu tools arm embedded/4.7 2013q3/bin/../lib/gcc/arm-none-eabi/4.7.4/crtend.o
 .bss           0x00000000        0x0 c:/program files (x86)/gnu tools arm embedded/4.7 2013q3/bin/../lib/gcc/arm-none-eabi/4.7.4/crtend.o
 .eh_frame      0x00000000        0x4 c:/program files (x86)/gnu tools arm embedded/4.7 2013q3/bin/../lib/gcc/arm-none-eabi/4.7.4/crtend.o
 .jcr           0x00000000        0x4 c:/program files (x86)/gnu tools arm embedded/4.7 2013q3/bin/../lib/gcc/arm-none-eabi/4.7.4/crtend.o
 .ARM.attributes
                0x00000000       0x30 c:/program files (x86)/gnu tools arm embedded/4.7 2013q3/bin/../lib/gcc/arm-none-eabi/4.7.4/crtend.o
 .text          0x00000000        0x0 c:/program files (x86)/gnu tools arm embedded/4.7 2013q3/bin/../lib/gcc/arm-none-eabi/4.7.4/crtn.o
 .data          0x00000000        0x0 c:/program files (x86)/gnu tools arm embedded/4.7 2013q3/bin/../lib/gcc/arm-none-eabi/4.7.4/crtn.o
 .bss           0x00000000        0x0 c:/program files (x86)/gnu tools arm embedded/4.7 2013q3/bin/../lib/gcc/arm-none-eabi/4.7.4/crtn.o
 .init          0x00000000        0xc c:/program files (x86)/gnu tools arm embedded/4.7 2013q3/bin/../lib/gcc/arm-none-eabi/4.7.4/crtn.o
 .fini          0x00000000        0xc c:/program files (x86)/gnu tools arm embedded/4.7 2013q3/bin/../lib/gcc/arm-none-eabi/4.7.4/crtn.o
 .ARM.attributes
                0x00000000       0x18 c:/program files (x86)/gnu tools arm embedded/4.7 2013q3/bin/../lib/gcc/arm-none-eabi/4.7.4/crtn.o

Memory Configuration

Name             Origin             Length             Attributes
INTERRUPTS       0x00000000         0x000000c0         xr
FLASHCONFIG      0x00000400         0x00000010         xr
TEXT             0x00000410         0x0001fbf0         xr
RAM              0x1ffff000         0x00004000         xrw
*default*        0x00000000         0xffffffff

Linker script and memory map

LOAD c:/program files (x86)/gnu tools arm embedded/4.7 2013q3/bin/../lib/gcc/arm-none-eabi/4.7.4/crti.o
LOAD c:/program files (x86)/gnu tools arm embedded/4.7 2013q3/bin/../lib/gcc/arm-none-eabi/4.7.4/crtbegin.o
LOAD c:/program files (x86)/gnu tools arm embedded/4.7 2013q3/bin/../lib/gcc/arm-none-eabi/4.7.4/../../../../arm-none-eabi/lib/crt0.o
LOAD obj\Debug\src\delay.o
LOAD obj\Debug\src\font_5x8.o
LOAD obj\Debug\src\interrupts.o
LOAD obj\Debug\src\main.o
LOAD obj\Debug\src\noahs_face.o
LOAD obj\Debug\src\ssd1306.o
LOAD obj\Debug\src\startup.o
LOAD obj\Debug\src\systick.o

.interrupts     0x00000000       0xc0
 *(.isr_vector .isr_vector.*)
 .isr_vector    0x00000000       0xc0 obj\Debug\src\startup.o
                0x00000000                g_pfnVectors

.flashconfig    0x00000400       0x10
 *(.flashconfig .flashconfig.*)
 .flashconfig   0x00000400       0x10 obj\Debug\src\startup.o
                0x00000400                flashConfig

.text           0x00000410      0x9b0
 *(.text .text.* .gnu.linkonce.t.*)
 .text          0x00000410       0x28 obj\Debug\src\delay.o
                0x00000410                delay_ms
 .text          0x00000438       0xc4 obj\Debug\src\interrupts.o
                0x00000478                ResetHandler
                0x000004e8                SysTickIntHandler
                0x000004f4                DefaultIntHandler
 .text          0x000004fc       0xfc obj\Debug\src\main.o
                0x000004fc                main_init_io
                0x0000054c                main_led
                0x0000057c                main_oled
                0x000005e4                main
 .text          0x000005f8      0x36c obj\Debug\src\ssd1306.o
                0x000005f8                ssd1306_command
                0x00000630                ssd1306_data
                0x00000668                ssd1306_init
                0x0000087c                ssd1306_writeString
 .text          0x00000964       0x64 obj\Debug\src\startup.o
                0x00000964                StartupInitClock
 .text          0x000009c8       0x2c obj\Debug\src\systick.o
                0x000009c8                systick_update
                0x000009e0                systick_getMs
 *(.glue_7t)
 .glue_7t       0x00000000        0x0 linker stubs
 *(.glue_7)
 .glue_7        0x00000000        0x0 linker stubs
 *(.rodata .rodata* .gnu.linkonce.r.*)
 .rodata        0x000009f4      0x1e0 obj\Debug\src\font_5x8.o
                0x000009f4                font5x8
 .rodata        0x00000bd4      0x1ec obj\Debug\src\main.o

.vfp11_veneer   0x00000dc0        0x0
 .vfp11_veneer  0x00000000        0x0 linker stubs

.v4_bx          0x00000dc0        0x0
 .v4_bx         0x00000000        0x0 linker stubs

.iplt           0x00000dc0        0x0
 .iplt          0x00000000        0x0 c:/program files (x86)/gnu tools arm embedded/4.7 2013q3/bin/../lib/gcc/arm-none-eabi/4.7.4/crtbegin.o

.rel.dyn        0x00000dc0        0x0
 .rel.iplt      0x00000000        0x0 c:/program files (x86)/gnu tools arm embedded/4.7 2013q3/bin/../lib/gcc/arm-none-eabi/4.7.4/crtbegin.o

.ARM.extab
 *(.ARM.extab* .gnu.linkonce.armextab.*)

.ARM.exidx
 *(.ARM.exidx* .gnu.linkonce.armexidx.*)
                0x00000dc0                . = ALIGN (0x4)
                0x00000dc0                _etext = .
                0x00000dc0                _sidata = .

.data           0x1ffff000      0x404 load address 0x00000dc0
                0x1ffff000                _sdata = .
 *(.data .data.*)
 .data          0x1ffff000        0x4 obj\Debug\src\main.o
 .data          0x1ffff004      0x400 obj\Debug\src\noahs_face.o
                0x1ffff004                noahs_face
                0x1ffff404                . = ALIGN (0x4)
                0x1ffff404                _edata = .

.igot.plt       0x1ffff404        0x0 load address 0x000011c4
 .igot.plt      0x00000000        0x0 c:/program files (x86)/gnu tools arm embedded/4.7 2013q3/bin/../lib/gcc/arm-none-eabi/4.7.4/crtbegin.o

.bss            0x1ffff404        0xc load address 0x000011c4
                0x1ffff404                _sbss = .
 *(.bss .bss.*)
 .bss           0x1ffff404        0x8 obj\Debug\src\main.o
 .bss           0x1ffff40c        0x4 obj\Debug\src\systick.o
                0x1ffff40c                systick_ms
 *(COMMON)
                0x1ffff410                . = ALIGN (0x4)
                0x1ffff410                _ebss = .

.co_stack       0x1ffff410      0x400 load address 0x000011d0
                0x1ffff410                . = ALIGN (0x8)
 *(.co_stack .co_stack.*)
 .co_stack      0x1ffff410      0x400 obj\Debug\src\startup.o
                0x1ffff410                pulStack
                0x1ffff810                . = ALIGN (0x4)
                0x1ffff810                _end = .
START GROUP
LOAD c:/program files (x86)/gnu tools arm embedded/4.7 2013q3/bin/../lib/gcc/arm-none-eabi/4.7.4\libgcc.a
LOAD c:/program files (x86)/gnu tools arm embedded/4.7 2013q3/bin/../lib/gcc/arm-none-eabi/4.7.4/../../../../arm-none-eabi/lib\libc_s.a
END GROUP
LOAD c:/program files (x86)/gnu tools arm embedded/4.7 2013q3/bin/../lib/gcc/arm-none-eabi/4.7.4/crtend.o
LOAD c:/program files (x86)/gnu tools arm embedded/4.7 2013q3/bin/../lib/gcc/arm-none-eabi/4.7.4/crtn.o
OUTPUT(bin\Debug\kl24.elf elf32-littlearm)

.debug_info     0x00000000     0x1274
 .debug_info    0x00000000       0xa5 obj\Debug\src\delay.o
 .debug_info    0x000000a5       0x50 obj\Debug\src\font_5x8.o
 .debug_info    0x000000f5      0x19f obj\Debug\src\interrupts.o
 .debug_info    0x00000294      0x480 obj\Debug\src\main.o
 .debug_info    0x00000714       0x4b obj\Debug\src\noahs_face.o
 .debug_info    0x0000075f      0x57c obj\Debug\src\ssd1306.o
 .debug_info    0x00000cdb      0x4e4 obj\Debug\src\startup.o
 .debug_info    0x000011bf       0xb5 obj\Debug\src\systick.o

.debug_abbrev   0x00000000      0x563
 .debug_abbrev  0x00000000       0x6b obj\Debug\src\delay.o
 .debug_abbrev  0x0000006b       0x43 obj\Debug\src\font_5x8.o
 .debug_abbrev  0x000000ae      0x10a obj\Debug\src\interrupts.o
 .debug_abbrev  0x000001b8      0x104 obj\Debug\src\main.o
 .debug_abbrev  0x000002bc       0x3c obj\Debug\src\noahs_face.o
 .debug_abbrev  0x000002f8      0x113 obj\Debug\src\ssd1306.o
 .debug_abbrev  0x0000040b       0xe0 obj\Debug\src\startup.o
 .debug_abbrev  0x000004eb       0x78 obj\Debug\src\systick.o

.debug_loc      0x00000000      0x320
 .debug_loc     0x00000000       0x38 obj\Debug\src\delay.o
 .debug_loc     0x00000038       0xc8 obj\Debug\src\interrupts.o
 .debug_loc     0x00000100       0xbc obj\Debug\src\main.o
 .debug_loc     0x000001bc       0xe0 obj\Debug\src\ssd1306.o
 .debug_loc     0x0000029c       0x2c obj\Debug\src\startup.o
 .debug_loc     0x000002c8       0x58 obj\Debug\src\systick.o

.debug_aranges  0x00000000       0xf0
 .debug_aranges
                0x00000000       0x20 obj\Debug\src\delay.o
 .debug_aranges
                0x00000020       0x18 obj\Debug\src\font_5x8.o
 .debug_aranges
                0x00000038       0x20 obj\Debug\src\interrupts.o
 .debug_aranges
                0x00000058       0x20 obj\Debug\src\main.o
 .debug_aranges
                0x00000078       0x18 obj\Debug\src\noahs_face.o
 .debug_aranges
                0x00000090       0x20 obj\Debug\src\ssd1306.o
 .debug_aranges
                0x000000b0       0x20 obj\Debug\src\startup.o
 .debug_aranges
                0x000000d0       0x20 obj\Debug\src\systick.o

.debug_line     0x00000000      0x710
 .debug_line    0x00000000       0xe4 obj\Debug\src\delay.o
 .debug_line    0x000000e4       0x44 obj\Debug\src\font_5x8.o
 .debug_line    0x00000128      0x10f obj\Debug\src\interrupts.o
 .debug_line    0x00000237      0x104 obj\Debug\src\main.o
 .debug_line    0x0000033b       0x46 obj\Debug\src\noahs_face.o
 .debug_line    0x00000381      0x1bd obj\Debug\src\ssd1306.o
 .debug_line    0x0000053e       0xf1 obj\Debug\src\startup.o
 .debug_line    0x0000062f       0xe1 obj\Debug\src\systick.o

.debug_str      0x00000000      0x4f9
 .debug_str     0x00000000       0xd5 obj\Debug\src\delay.o
                                0x109 (size before relaxing)
 .debug_str     0x000000d5       0x35 obj\Debug\src\font_5x8.o
                                 0x83 (size before relaxing)
 .debug_str     0x0000010a       0xba obj\Debug\src\interrupts.o
                                0x190 (size before relaxing)
 .debug_str     0x000001c4      0x1c4 obj\Debug\src\main.o
                                0x2a8 (size before relaxing)
 .debug_str     0x00000388       0x31 obj\Debug\src\noahs_face.o
                                 0x91 (size before relaxing)
 .debug_str     0x000003b9       0x7a obj\Debug\src\ssd1306.o
                                0x2c4 (size before relaxing)
 .debug_str     0x00000433       0x7b obj\Debug\src\startup.o
                                0x274 (size before relaxing)
 .debug_str     0x000004ae       0x4b obj\Debug\src\systick.o
                                0x121 (size before relaxing)

.comment        0x00000000       0x70
 .comment       0x00000000       0x70 obj\Debug\src\delay.o
                                 0x71 (size before relaxing)
 .comment       0x00000000       0x71 obj\Debug\src\font_5x8.o
 .comment       0x00000000       0x71 obj\Debug\src\interrupts.o
 .comment       0x00000000       0x71 obj\Debug\src\main.o
 .comment       0x00000000       0x71 obj\Debug\src\noahs_face.o
 .comment       0x00000000       0x71 obj\Debug\src\ssd1306.o
 .comment       0x00000000       0x71 obj\Debug\src\startup.o
 .comment       0x00000000       0x71 obj\Debug\src\systick.o

.ARM.attributes
                0x00000000       0x2d
 .ARM.attributes
                0x00000000       0x32 obj\Debug\src\delay.o
 .ARM.attributes
                0x00000032       0x32 obj\Debug\src\font_5x8.o
 .ARM.attributes
                0x00000064       0x32 obj\Debug\src\interrupts.o
 .ARM.attributes
                0x00000096       0x32 obj\Debug\src\main.o
 .ARM.attributes
                0x000000c8       0x32 obj\Debug\src\noahs_face.o
 .ARM.attributes
                0x000000fa       0x32 obj\Debug\src\ssd1306.o
 .ARM.attributes
                0x0000012c       0x32 obj\Debug\src\startup.o
 .ARM.attributes
                0x0000015e       0x32 obj\Debug\src\systick.o

.debug_frame    0x00000000      0x240
 .debug_frame   0x00000000       0x30 obj\Debug\src\delay.o
 .debug_frame   0x00000030       0x88 obj\Debug\src\interrupts.o
 .debug_frame   0x000000b8       0x84 obj\Debug\src\main.o
 .debug_frame   0x0000013c       0x90 obj\Debug\src\ssd1306.o
 .debug_frame   0x000001cc       0x2c obj\Debug\src\startup.o
 .debug_frame   0x000001f8       0x48 obj\Debug\src\systick.o
