Archive member included because of file (symbol)

/usr/bin/../lib/gcc/arm-none-eabi/4.7.4/../../../../arm-none-eabi/lib/libc_s.a(lib_a-__atexit2.o)
                              /usr/bin/../lib/gcc/arm-none-eabi/4.7.4/../../../../arm-none-eabi/lib/crt0.o (__register_exitproc)
/usr/bin/../lib/gcc/arm-none-eabi/4.7.4/../../../../arm-none-eabi/lib/libc_s.a(lib_a-exit.o)
                              /usr/bin/../lib/gcc/arm-none-eabi/4.7.4/../../../../arm-none-eabi/lib/crt0.o (exit)
/usr/bin/../lib/gcc/arm-none-eabi/4.7.4/../../../../arm-none-eabi/lib/libc_s.a(lib_a-fini.o)
                              /usr/bin/../lib/gcc/arm-none-eabi/4.7.4/../../../../arm-none-eabi/lib/crt0.o (__libc_fini_array)
/usr/bin/../lib/gcc/arm-none-eabi/4.7.4/../../../../arm-none-eabi/lib/libc_s.a(lib_a-impure.o)
                              /usr/bin/../lib/gcc/arm-none-eabi/4.7.4/../../../../arm-none-eabi/lib/libc_s.a(lib_a-exit.o) (_global_impure_ptr)
/usr/bin/../lib/gcc/arm-none-eabi/4.7.4/../../../../arm-none-eabi/lib/libc_s.a(lib_a-init.o)
                              /usr/bin/../lib/gcc/arm-none-eabi/4.7.4/../../../../arm-none-eabi/lib/crt0.o (__libc_init_array)
/usr/bin/../lib/gcc/arm-none-eabi/4.7.4/../../../../arm-none-eabi/lib/libc_s.a(lib_a-memset.o)
                              /usr/bin/../lib/gcc/arm-none-eabi/4.7.4/../../../../arm-none-eabi/lib/crt0.o (memset)

Discarded input sections

 .text          0x0000000000000000        0x0 /usr/bin/../lib/gcc/arm-none-eabi/4.7.4/crti.o
 .data          0x0000000000000000        0x0 /usr/bin/../lib/gcc/arm-none-eabi/4.7.4/crti.o
 .bss           0x0000000000000000        0x0 /usr/bin/../lib/gcc/arm-none-eabi/4.7.4/crti.o
 .init          0x0000000000000000        0xc /usr/bin/../lib/gcc/arm-none-eabi/4.7.4/crti.o
 .fini          0x0000000000000000        0xc /usr/bin/../lib/gcc/arm-none-eabi/4.7.4/crti.o
 .ARM.attributes
                0x0000000000000000       0x16 /usr/bin/../lib/gcc/arm-none-eabi/4.7.4/crti.o
 .text          0x0000000000000000       0x94 /usr/bin/../lib/gcc/arm-none-eabi/4.7.4/crtbegin.o
 .data          0x0000000000000000        0x4 /usr/bin/../lib/gcc/arm-none-eabi/4.7.4/crtbegin.o
 .bss           0x0000000000000000       0x1c /usr/bin/../lib/gcc/arm-none-eabi/4.7.4/crtbegin.o
 .init_array    0x0000000000000000        0x4 /usr/bin/../lib/gcc/arm-none-eabi/4.7.4/crtbegin.o
 .fini_array    0x0000000000000000        0x4 /usr/bin/../lib/gcc/arm-none-eabi/4.7.4/crtbegin.o
 .eh_frame      0x0000000000000000        0x0 /usr/bin/../lib/gcc/arm-none-eabi/4.7.4/crtbegin.o
 .jcr           0x0000000000000000        0x0 /usr/bin/../lib/gcc/arm-none-eabi/4.7.4/crtbegin.o
 .ARM.attributes
                0x0000000000000000       0x30 /usr/bin/../lib/gcc/arm-none-eabi/4.7.4/crtbegin.o
 .text          0x0000000000000000      0x110 /usr/bin/../lib/gcc/arm-none-eabi/4.7.4/../../../../arm-none-eabi/lib/crt0.o
 .data          0x0000000000000000        0x0 /usr/bin/../lib/gcc/arm-none-eabi/4.7.4/../../../../arm-none-eabi/lib/crt0.o
 .bss           0x0000000000000000        0x0 /usr/bin/../lib/gcc/arm-none-eabi/4.7.4/../../../../arm-none-eabi/lib/crt0.o
 .ARM.extab     0x0000000000000000        0x0 /usr/bin/../lib/gcc/arm-none-eabi/4.7.4/../../../../arm-none-eabi/lib/crt0.o
 .ARM.exidx     0x0000000000000000        0x8 /usr/bin/../lib/gcc/arm-none-eabi/4.7.4/../../../../arm-none-eabi/lib/crt0.o
 .ARM.attributes
                0x0000000000000000       0x14 /usr/bin/../lib/gcc/arm-none-eabi/4.7.4/../../../../arm-none-eabi/lib/crt0.o
 .data          0x0000000000000000        0x0 obj/Debug/src/delay.o
 .bss           0x0000000000000000        0x0 obj/Debug/src/delay.o
 .text          0x0000000000000000        0x0 obj/Debug/src/font_5x8.o
 .data          0x0000000000000000        0x0 obj/Debug/src/font_5x8.o
 .bss           0x0000000000000000        0x0 obj/Debug/src/font_5x8.o
 .data          0x0000000000000000        0x0 obj/Debug/src/interrupts.o
 .bss           0x0000000000000000        0x0 obj/Debug/src/interrupts.o
 .data          0x0000000000000000        0x0 obj/Debug/src/ssd1306.o
 .bss           0x0000000000000000        0x0 obj/Debug/src/ssd1306.o
 .data          0x0000000000000000        0x0 obj/Debug/src/startup.o
 .bss           0x0000000000000000        0x0 obj/Debug/src/startup.o
 .data          0x0000000000000000        0x0 obj/Debug/src/systick.o
 .text          0x0000000000000000        0x0 /usr/bin/../lib/gcc/arm-none-eabi/4.7.4/../../../../arm-none-eabi/lib/libc_s.a(lib_a-__atexit2.o)
 .data          0x0000000000000000        0x0 /usr/bin/../lib/gcc/arm-none-eabi/4.7.4/../../../../arm-none-eabi/lib/libc_s.a(lib_a-__atexit2.o)
 .bss           0x0000000000000000        0x0 /usr/bin/../lib/gcc/arm-none-eabi/4.7.4/../../../../arm-none-eabi/lib/libc_s.a(lib_a-__atexit2.o)
 .text.__register_exitproc
                0x0000000000000000       0x28 /usr/bin/../lib/gcc/arm-none-eabi/4.7.4/../../../../arm-none-eabi/lib/libc_s.a(lib_a-__atexit2.o)
 .ARM.attributes
                0x0000000000000000       0x30 /usr/bin/../lib/gcc/arm-none-eabi/4.7.4/../../../../arm-none-eabi/lib/libc_s.a(lib_a-__atexit2.o)
 .debug_frame   0x0000000000000000       0x28 /usr/bin/../lib/gcc/arm-none-eabi/4.7.4/../../../../arm-none-eabi/lib/libc_s.a(lib_a-__atexit2.o)
 .text          0x0000000000000000        0x0 /usr/bin/../lib/gcc/arm-none-eabi/4.7.4/../../../../arm-none-eabi/lib/libc_s.a(lib_a-exit.o)
 .data          0x0000000000000000        0x0 /usr/bin/../lib/gcc/arm-none-eabi/4.7.4/../../../../arm-none-eabi/lib/libc_s.a(lib_a-exit.o)
 .bss           0x0000000000000000        0x0 /usr/bin/../lib/gcc/arm-none-eabi/4.7.4/../../../../arm-none-eabi/lib/libc_s.a(lib_a-exit.o)
 .text.exit     0x0000000000000000       0x4c /usr/bin/../lib/gcc/arm-none-eabi/4.7.4/../../../../arm-none-eabi/lib/libc_s.a(lib_a-exit.o)
 .ARM.attributes
                0x0000000000000000       0x30 /usr/bin/../lib/gcc/arm-none-eabi/4.7.4/../../../../arm-none-eabi/lib/libc_s.a(lib_a-exit.o)
 .debug_frame   0x0000000000000000       0x28 /usr/bin/../lib/gcc/arm-none-eabi/4.7.4/../../../../arm-none-eabi/lib/libc_s.a(lib_a-exit.o)
 .text          0x0000000000000000        0x0 /usr/bin/../lib/gcc/arm-none-eabi/4.7.4/../../../../arm-none-eabi/lib/libc_s.a(lib_a-fini.o)
 .data          0x0000000000000000        0x0 /usr/bin/../lib/gcc/arm-none-eabi/4.7.4/../../../../arm-none-eabi/lib/libc_s.a(lib_a-fini.o)
 .bss           0x0000000000000000        0x0 /usr/bin/../lib/gcc/arm-none-eabi/4.7.4/../../../../arm-none-eabi/lib/libc_s.a(lib_a-fini.o)
 .text.__libc_fini_array
                0x0000000000000000       0x50 /usr/bin/../lib/gcc/arm-none-eabi/4.7.4/../../../../arm-none-eabi/lib/libc_s.a(lib_a-fini.o)
 .ARM.attributes
                0x0000000000000000       0x30 /usr/bin/../lib/gcc/arm-none-eabi/4.7.4/../../../../arm-none-eabi/lib/libc_s.a(lib_a-fini.o)
 .debug_frame   0x0000000000000000       0x2c /usr/bin/../lib/gcc/arm-none-eabi/4.7.4/../../../../arm-none-eabi/lib/libc_s.a(lib_a-fini.o)
 .text          0x0000000000000000        0x0 /usr/bin/../lib/gcc/arm-none-eabi/4.7.4/../../../../arm-none-eabi/lib/libc_s.a(lib_a-impure.o)
 .data          0x0000000000000000        0x0 /usr/bin/../lib/gcc/arm-none-eabi/4.7.4/../../../../arm-none-eabi/lib/libc_s.a(lib_a-impure.o)
 .bss           0x0000000000000000        0x0 /usr/bin/../lib/gcc/arm-none-eabi/4.7.4/../../../../arm-none-eabi/lib/libc_s.a(lib_a-impure.o)
 .data.impure_data
                0x0000000000000000       0x64 /usr/bin/../lib/gcc/arm-none-eabi/4.7.4/../../../../arm-none-eabi/lib/libc_s.a(lib_a-impure.o)
 .data._impure_ptr
                0x0000000000000000        0x4 /usr/bin/../lib/gcc/arm-none-eabi/4.7.4/../../../../arm-none-eabi/lib/libc_s.a(lib_a-impure.o)
 .rodata.str1.1
                0x0000000000000000        0x2 /usr/bin/../lib/gcc/arm-none-eabi/4.7.4/../../../../arm-none-eabi/lib/libc_s.a(lib_a-impure.o)
 .rodata._global_impure_ptr
                0x0000000000000000        0x4 /usr/bin/../lib/gcc/arm-none-eabi/4.7.4/../../../../arm-none-eabi/lib/libc_s.a(lib_a-impure.o)
 .ARM.attributes
                0x0000000000000000       0x30 /usr/bin/../lib/gcc/arm-none-eabi/4.7.4/../../../../arm-none-eabi/lib/libc_s.a(lib_a-impure.o)
 .text          0x0000000000000000        0x0 /usr/bin/../lib/gcc/arm-none-eabi/4.7.4/../../../../arm-none-eabi/lib/libc_s.a(lib_a-init.o)
 .data          0x0000000000000000        0x0 /usr/bin/../lib/gcc/arm-none-eabi/4.7.4/../../../../arm-none-eabi/lib/libc_s.a(lib_a-init.o)
 .bss           0x0000000000000000        0x0 /usr/bin/../lib/gcc/arm-none-eabi/4.7.4/../../../../arm-none-eabi/lib/libc_s.a(lib_a-init.o)
 .text.__libc_init_array
                0x0000000000000000       0x88 /usr/bin/../lib/gcc/arm-none-eabi/4.7.4/../../../../arm-none-eabi/lib/libc_s.a(lib_a-init.o)
 .ARM.attributes
                0x0000000000000000       0x30 /usr/bin/../lib/gcc/arm-none-eabi/4.7.4/../../../../arm-none-eabi/lib/libc_s.a(lib_a-init.o)
 .debug_frame   0x0000000000000000       0x2c /usr/bin/../lib/gcc/arm-none-eabi/4.7.4/../../../../arm-none-eabi/lib/libc_s.a(lib_a-init.o)
 .text          0x0000000000000000        0x0 /usr/bin/../lib/gcc/arm-none-eabi/4.7.4/../../../../arm-none-eabi/lib/libc_s.a(lib_a-memset.o)
 .data          0x0000000000000000        0x0 /usr/bin/../lib/gcc/arm-none-eabi/4.7.4/../../../../arm-none-eabi/lib/libc_s.a(lib_a-memset.o)
 .bss           0x0000000000000000        0x0 /usr/bin/../lib/gcc/arm-none-eabi/4.7.4/../../../../arm-none-eabi/lib/libc_s.a(lib_a-memset.o)
 .text.memset   0x0000000000000000       0x1c /usr/bin/../lib/gcc/arm-none-eabi/4.7.4/../../../../arm-none-eabi/lib/libc_s.a(lib_a-memset.o)
 .ARM.attributes
                0x0000000000000000       0x30 /usr/bin/../lib/gcc/arm-none-eabi/4.7.4/../../../../arm-none-eabi/lib/libc_s.a(lib_a-memset.o)
 .debug_frame   0x0000000000000000       0x20 /usr/bin/../lib/gcc/arm-none-eabi/4.7.4/../../../../arm-none-eabi/lib/libc_s.a(lib_a-memset.o)
 .text          0x0000000000000000        0x0 /usr/bin/../lib/gcc/arm-none-eabi/4.7.4/crtend.o
 .data          0x0000000000000000        0x0 /usr/bin/../lib/gcc/arm-none-eabi/4.7.4/crtend.o
 .bss           0x0000000000000000        0x0 /usr/bin/../lib/gcc/arm-none-eabi/4.7.4/crtend.o
 .eh_frame      0x0000000000000000        0x4 /usr/bin/../lib/gcc/arm-none-eabi/4.7.4/crtend.o
 .jcr           0x0000000000000000        0x4 /usr/bin/../lib/gcc/arm-none-eabi/4.7.4/crtend.o
 .ARM.attributes
                0x0000000000000000       0x30 /usr/bin/../lib/gcc/arm-none-eabi/4.7.4/crtend.o
 .text          0x0000000000000000        0x0 /usr/bin/../lib/gcc/arm-none-eabi/4.7.4/crtn.o
 .data          0x0000000000000000        0x0 /usr/bin/../lib/gcc/arm-none-eabi/4.7.4/crtn.o
 .bss           0x0000000000000000        0x0 /usr/bin/../lib/gcc/arm-none-eabi/4.7.4/crtn.o
 .init          0x0000000000000000        0xc /usr/bin/../lib/gcc/arm-none-eabi/4.7.4/crtn.o
 .fini          0x0000000000000000        0xc /usr/bin/../lib/gcc/arm-none-eabi/4.7.4/crtn.o
 .ARM.attributes
                0x0000000000000000       0x18 /usr/bin/../lib/gcc/arm-none-eabi/4.7.4/crtn.o

Memory Configuration

Name             Origin             Length             Attributes
INTERRUPTS       0x0000000000000000 0x00000000000000c0 xr
FLASHCONFIG      0x0000000000000400 0x0000000000000010 xr
TEXT             0x0000000000000410 0x000000000001fbf0 xr
RAM              0x000000001ffff000 0x0000000000004000 xrw
*default*        0x0000000000000000 0xffffffffffffffff

Linker script and memory map

LOAD /usr/bin/../lib/gcc/arm-none-eabi/4.7.4/crti.o
LOAD /usr/bin/../lib/gcc/arm-none-eabi/4.7.4/crtbegin.o
LOAD /usr/bin/../lib/gcc/arm-none-eabi/4.7.4/../../../../arm-none-eabi/lib/crt0.o
LOAD obj/Debug/src/delay.o
LOAD obj/Debug/src/font_5x8.o
LOAD obj/Debug/src/interrupts.o
LOAD obj/Debug/src/main.o
LOAD obj/Debug/src/ssd1306.o
LOAD obj/Debug/src/startup.o
LOAD obj/Debug/src/systick.o

.interrupts     0x0000000000000000       0xc0
 *(.isr_vector .isr_vector.*)
 .isr_vector    0x0000000000000000       0xc0 obj/Debug/src/startup.o
                0x0000000000000000                g_pfnVectors

.flashconfig    0x0000000000000400       0x10
 *(.flashconfig .flashconfig.*)
 .flashconfig   0x0000000000000400       0x10 obj/Debug/src/startup.o
                0x0000000000000400                flashConfig

.text           0x0000000000000410      0x9a8
 *(.text .text.* .gnu.linkonce.t.*)
 .text          0x0000000000000410       0x28 obj/Debug/src/delay.o
                0x0000000000000410                delay_ms
 .text          0x0000000000000438       0xc4 obj/Debug/src/interrupts.o
                0x0000000000000478                ResetHandler
                0x00000000000004e8                SysTickIntHandler
                0x00000000000004f4                DefaultIntHandler
 .text          0x00000000000004fc      0x100 obj/Debug/src/main.o
                0x00000000000004fc                main_init_io
                0x000000000000054c                main_led
                0x000000000000057c                main_oled
                0x00000000000005e4                main
 .text          0x00000000000005fc      0x360 obj/Debug/src/ssd1306.o
                0x00000000000005fc                ssd1306_command
                0x0000000000000634                ssd1306_data
                0x000000000000066c                ssd1306_init
                0x0000000000000874                ssd1306_writeString
 .text          0x000000000000095c       0x64 obj/Debug/src/startup.o
                0x000000000000095c                StartupInitClock
 .text          0x00000000000009c0       0x2c obj/Debug/src/systick.o
                0x00000000000009c0                systick_update
                0x00000000000009d8                systick_getMs
 *(.glue_7t)
 .glue_7t       0x0000000000000000        0x0 linker stubs
 *(.glue_7)
 .glue_7        0x0000000000000000        0x0 linker stubs
 *(.rodata .rodata* .gnu.linkonce.r.*)
 .rodata        0x00000000000009ec      0x1e0 obj/Debug/src/font_5x8.o
                0x00000000000009ec                font5x8
 .rodata        0x0000000000000bcc      0x1ec obj/Debug/src/main.o

.vfp11_veneer   0x0000000000000db8        0x0
 .vfp11_veneer  0x0000000000000000        0x0 linker stubs

.v4_bx          0x0000000000000db8        0x0
 .v4_bx         0x0000000000000000        0x0 linker stubs

.iplt           0x0000000000000db8        0x0
 .iplt          0x0000000000000000        0x0 /usr/bin/../lib/gcc/arm-none-eabi/4.7.4/crtbegin.o

.rel.dyn        0x0000000000000db8        0x0
 .rel.iplt      0x0000000000000000        0x0 /usr/bin/../lib/gcc/arm-none-eabi/4.7.4/crtbegin.o

.ARM.extab
 *(.ARM.extab* .gnu.linkonce.armextab.*)

.ARM.exidx
 *(.ARM.exidx* .gnu.linkonce.armexidx.*)
                0x0000000000000db8                . = ALIGN (0x4)
                0x0000000000000db8                _etext = .
                0x0000000000000db8                _sidata = .

.data           0x000000001ffff000        0x4 load address 0x0000000000000db8
                0x000000001ffff000                _sdata = .
 *(.data .data.*)
 .data          0x000000001ffff000        0x4 obj/Debug/src/main.o
                0x000000001ffff004                . = ALIGN (0x4)
                0x000000001ffff004                _edata = .

.igot.plt       0x000000001ffff004        0x0 load address 0x0000000000000dbc
 .igot.plt      0x0000000000000000        0x0 /usr/bin/../lib/gcc/arm-none-eabi/4.7.4/crtbegin.o

.bss            0x000000001ffff004        0xc load address 0x0000000000000dbc
                0x000000001ffff004                _sbss = .
 *(.bss .bss.*)
 .bss           0x000000001ffff004        0x8 obj/Debug/src/main.o
 .bss           0x000000001ffff00c        0x4 obj/Debug/src/systick.o
                0x000000001ffff00c                systick_ms
 *(COMMON)
                0x000000001ffff010                . = ALIGN (0x4)
                0x000000001ffff010                _ebss = .

.co_stack       0x000000001ffff010      0x400 load address 0x0000000000000dc8
                0x000000001ffff010                . = ALIGN (0x8)
 *(.co_stack .co_stack.*)
 .co_stack      0x000000001ffff010      0x400 obj/Debug/src/startup.o
                0x000000001ffff010                pulStack
                0x000000001ffff410                . = ALIGN (0x4)
                0x000000001ffff410                _end = .
START GROUP
LOAD /usr/bin/../lib/gcc/arm-none-eabi/4.7.4/libgcc.a
LOAD /usr/bin/../lib/gcc/arm-none-eabi/4.7.4/../../../../arm-none-eabi/lib/libc_s.a
END GROUP
LOAD /usr/bin/../lib/gcc/arm-none-eabi/4.7.4/crtend.o
LOAD /usr/bin/../lib/gcc/arm-none-eabi/4.7.4/crtn.o
OUTPUT(bin/Debug/kl24.elf elf32-littlearm)

.debug_info     0x0000000000000000     0x1206
 .debug_info    0x0000000000000000       0xa5 obj/Debug/src/delay.o
 .debug_info    0x00000000000000a5       0x50 obj/Debug/src/font_5x8.o
 .debug_info    0x00000000000000f5      0x19f obj/Debug/src/interrupts.o
 .debug_info    0x0000000000000294      0x480 obj/Debug/src/main.o
 .debug_info    0x0000000000000714      0x559 obj/Debug/src/ssd1306.o
 .debug_info    0x0000000000000c6d      0x4e4 obj/Debug/src/startup.o
 .debug_info    0x0000000000001151       0xb5 obj/Debug/src/systick.o

.debug_abbrev   0x0000000000000000      0x527
 .debug_abbrev  0x0000000000000000       0x6b obj/Debug/src/delay.o
 .debug_abbrev  0x000000000000006b       0x43 obj/Debug/src/font_5x8.o
 .debug_abbrev  0x00000000000000ae      0x10a obj/Debug/src/interrupts.o
 .debug_abbrev  0x00000000000001b8      0x104 obj/Debug/src/main.o
 .debug_abbrev  0x00000000000002bc      0x113 obj/Debug/src/ssd1306.o
 .debug_abbrev  0x00000000000003cf       0xe0 obj/Debug/src/startup.o
 .debug_abbrev  0x00000000000004af       0x78 obj/Debug/src/systick.o

.debug_loc      0x0000000000000000      0x320
 .debug_loc     0x0000000000000000       0x38 obj/Debug/src/delay.o
 .debug_loc     0x0000000000000038       0xc8 obj/Debug/src/interrupts.o
 .debug_loc     0x0000000000000100       0xbc obj/Debug/src/main.o
 .debug_loc     0x00000000000001bc       0xe0 obj/Debug/src/ssd1306.o
 .debug_loc     0x000000000000029c       0x2c obj/Debug/src/startup.o
 .debug_loc     0x00000000000002c8       0x58 obj/Debug/src/systick.o

.debug_aranges  0x0000000000000000       0xd8
 .debug_aranges
                0x0000000000000000       0x20 obj/Debug/src/delay.o
 .debug_aranges
                0x0000000000000020       0x18 obj/Debug/src/font_5x8.o
 .debug_aranges
                0x0000000000000038       0x20 obj/Debug/src/interrupts.o
 .debug_aranges
                0x0000000000000058       0x20 obj/Debug/src/main.o
 .debug_aranges
                0x0000000000000078       0x20 obj/Debug/src/ssd1306.o
 .debug_aranges
                0x0000000000000098       0x20 obj/Debug/src/startup.o
 .debug_aranges
                0x00000000000000b8       0x20 obj/Debug/src/systick.o

.debug_line     0x0000000000000000      0x605
 .debug_line    0x0000000000000000       0xc2 obj/Debug/src/delay.o
 .debug_line    0x00000000000000c2       0x56 obj/Debug/src/font_5x8.o
 .debug_line    0x0000000000000118       0xed obj/Debug/src/interrupts.o
 .debug_line    0x0000000000000205       0xe7 obj/Debug/src/main.o
 .debug_line    0x00000000000002ec      0x18b obj/Debug/src/ssd1306.o
 .debug_line    0x0000000000000477       0xcf obj/Debug/src/startup.o
 .debug_line    0x0000000000000546       0xbf obj/Debug/src/systick.o

.debug_str      0x0000000000000000      0x546
 .debug_str     0x0000000000000000       0xe7 obj/Debug/src/delay.o
                                        0x11b (size before relaxing)
 .debug_str     0x00000000000000e7       0x47 obj/Debug/src/font_5x8.o
                                         0x95 (size before relaxing)
 .debug_str     0x000000000000012e       0xcc obj/Debug/src/interrupts.o
                                        0x1a2 (size before relaxing)
 .debug_str     0x00000000000001fa      0x1d6 obj/Debug/src/main.o
                                        0x2ba (size before relaxing)
 .debug_str     0x00000000000003d0       0x8c obj/Debug/src/ssd1306.o
                                        0x2cb (size before relaxing)
 .debug_str     0x000000000000045c       0x8d obj/Debug/src/startup.o
                                        0x286 (size before relaxing)
 .debug_str     0x00000000000004e9       0x5d obj/Debug/src/systick.o
                                        0x133 (size before relaxing)

.comment        0x0000000000000000       0x70
 .comment       0x0000000000000000       0x70 obj/Debug/src/delay.o
                                         0x71 (size before relaxing)
 .comment       0x0000000000000000       0x71 obj/Debug/src/font_5x8.o
 .comment       0x0000000000000000       0x71 obj/Debug/src/interrupts.o
 .comment       0x0000000000000000       0x71 obj/Debug/src/main.o
 .comment       0x0000000000000000       0x71 obj/Debug/src/ssd1306.o
 .comment       0x0000000000000000       0x71 obj/Debug/src/startup.o
 .comment       0x0000000000000000       0x71 obj/Debug/src/systick.o

.ARM.attributes
                0x0000000000000000       0x2d
 .ARM.attributes
                0x0000000000000000       0x32 obj/Debug/src/delay.o
 .ARM.attributes
                0x0000000000000032       0x32 obj/Debug/src/font_5x8.o
 .ARM.attributes
                0x0000000000000064       0x32 obj/Debug/src/interrupts.o
 .ARM.attributes
                0x0000000000000096       0x32 obj/Debug/src/main.o
 .ARM.attributes
                0x00000000000000c8       0x32 obj/Debug/src/ssd1306.o
 .ARM.attributes
                0x00000000000000fa       0x32 obj/Debug/src/startup.o
 .ARM.attributes
                0x000000000000012c       0x32 obj/Debug/src/systick.o

.debug_frame    0x0000000000000000      0x240
 .debug_frame   0x0000000000000000       0x30 obj/Debug/src/delay.o
 .debug_frame   0x0000000000000030       0x88 obj/Debug/src/interrupts.o
 .debug_frame   0x00000000000000b8       0x84 obj/Debug/src/main.o
 .debug_frame   0x000000000000013c       0x90 obj/Debug/src/ssd1306.o
 .debug_frame   0x00000000000001cc       0x2c obj/Debug/src/startup.o
 .debug_frame   0x00000000000001f8       0x48 obj/Debug/src/systick.o
